Archive member included to satisfy reference by file (symbol)

/usr/local/gcc-arm-none-eabi-5_4-2016q2/bin/../lib/gcc/arm-none-eabi/5.4.1/../../../../arm-none-eabi/lib/armv7e-m/fpu/libc_nano.a(lib_a-exit.o)
                              /usr/local/gcc-arm-none-eabi-5_4-2016q2/bin/../lib/gcc/arm-none-eabi/5.4.1/../../../../arm-none-eabi/lib/armv7e-m/fpu/crt0.o (exit)
/usr/local/gcc-arm-none-eabi-5_4-2016q2/bin/../lib/gcc/arm-none-eabi/5.4.1/../../../../arm-none-eabi/lib/armv7e-m/fpu/libc_nano.a(lib_a-impure.o)
                              /usr/local/gcc-arm-none-eabi-5_4-2016q2/bin/../lib/gcc/arm-none-eabi/5.4.1/../../../../arm-none-eabi/lib/armv7e-m/fpu/libc_nano.a(lib_a-exit.o) (_global_impure_ptr)
/usr/local/gcc-arm-none-eabi-5_4-2016q2/bin/../lib/gcc/arm-none-eabi/5.4.1/../../../../arm-none-eabi/lib/armv7e-m/fpu/libc_nano.a(lib_a-init.o)
                              /usr/local/gcc-arm-none-eabi-5_4-2016q2/bin/../lib/gcc/arm-none-eabi/5.4.1/../../../../arm-none-eabi/lib/armv7e-m/fpu/crt0.o (__libc_init_array)
/usr/local/gcc-arm-none-eabi-5_4-2016q2/bin/../lib/gcc/arm-none-eabi/5.4.1/../../../../arm-none-eabi/lib/armv7e-m/fpu/libc_nano.a(lib_a-malloc.o)
                              build/usbd_cdc.o (malloc)
/usr/local/gcc-arm-none-eabi-5_4-2016q2/bin/../lib/gcc/arm-none-eabi/5.4.1/../../../../arm-none-eabi/lib/armv7e-m/fpu/libc_nano.a(lib_a-memset.o)
                              /usr/local/gcc-arm-none-eabi-5_4-2016q2/bin/../lib/gcc/arm-none-eabi/5.4.1/../../../../arm-none-eabi/lib/armv7e-m/fpu/crt0.o (memset)
/usr/local/gcc-arm-none-eabi-5_4-2016q2/bin/../lib/gcc/arm-none-eabi/5.4.1/../../../../arm-none-eabi/lib/armv7e-m/fpu/libc_nano.a(lib_a-nano-freer.o)
                              /usr/local/gcc-arm-none-eabi-5_4-2016q2/bin/../lib/gcc/arm-none-eabi/5.4.1/../../../../arm-none-eabi/lib/armv7e-m/fpu/libc_nano.a(lib_a-malloc.o) (_free_r)
/usr/local/gcc-arm-none-eabi-5_4-2016q2/bin/../lib/gcc/arm-none-eabi/5.4.1/../../../../arm-none-eabi/lib/armv7e-m/fpu/libc_nano.a(lib_a-nano-mallocr.o)
                              /usr/local/gcc-arm-none-eabi-5_4-2016q2/bin/../lib/gcc/arm-none-eabi/5.4.1/../../../../arm-none-eabi/lib/armv7e-m/fpu/libc_nano.a(lib_a-malloc.o) (_malloc_r)
/usr/local/gcc-arm-none-eabi-5_4-2016q2/bin/../lib/gcc/arm-none-eabi/5.4.1/../../../../arm-none-eabi/lib/armv7e-m/fpu/libc_nano.a(lib_a-sbrkr.o)
                              /usr/local/gcc-arm-none-eabi-5_4-2016q2/bin/../lib/gcc/arm-none-eabi/5.4.1/../../../../arm-none-eabi/lib/armv7e-m/fpu/libc_nano.a(lib_a-nano-mallocr.o) (_sbrk_r)
/usr/local/gcc-arm-none-eabi-5_4-2016q2/bin/../lib/gcc/arm-none-eabi/5.4.1/../../../../arm-none-eabi/lib/armv7e-m/fpu/libc_nano.a(lib_a-mlock.o)
                              /usr/local/gcc-arm-none-eabi-5_4-2016q2/bin/../lib/gcc/arm-none-eabi/5.4.1/../../../../arm-none-eabi/lib/armv7e-m/fpu/libc_nano.a(lib_a-nano-freer.o) (__malloc_lock)
/usr/local/gcc-arm-none-eabi-5_4-2016q2/bin/../lib/gcc/arm-none-eabi/5.4.1/../../../../arm-none-eabi/lib/armv7e-m/fpu/libc_nano.a(lib_a-reent.o)
                              /usr/local/gcc-arm-none-eabi-5_4-2016q2/bin/../lib/gcc/arm-none-eabi/5.4.1/../../../../arm-none-eabi/lib/armv7e-m/fpu/libc_nano.a(lib_a-sbrkr.o) (errno)
/usr/local/gcc-arm-none-eabi-5_4-2016q2/bin/../lib/gcc/arm-none-eabi/5.4.1/../../../../arm-none-eabi/lib/armv7e-m/fpu/libnosys.a(sbrk.o)
                              /usr/local/gcc-arm-none-eabi-5_4-2016q2/bin/../lib/gcc/arm-none-eabi/5.4.1/../../../../arm-none-eabi/lib/armv7e-m/fpu/libc_nano.a(lib_a-sbrkr.o) (_sbrk)
/usr/local/gcc-arm-none-eabi-5_4-2016q2/bin/../lib/gcc/arm-none-eabi/5.4.1/../../../../arm-none-eabi/lib/armv7e-m/fpu/libnosys.a(_exit.o)
                              /usr/local/gcc-arm-none-eabi-5_4-2016q2/bin/../lib/gcc/arm-none-eabi/5.4.1/../../../../arm-none-eabi/lib/armv7e-m/fpu/libc_nano.a(lib_a-exit.o) (_exit)

Allocating common symbols
Common symbol       size              file

UserRxBufferHS      0x4               build/usbd_cdc_if.o
errno               0x4               /usr/local/gcc-arm-none-eabi-5_4-2016q2/bin/../lib/gcc/arm-none-eabi/5.4.1/../../../../arm-none-eabi/lib/armv7e-m/fpu/libc_nano.a(lib_a-reent.o)
huart3              0x40              build/usart.o
hpcd_USB_OTG_HS     0x3c4             build/usbd_conf.o
hi2c1               0x54              build/i2c.o
uwTick              0x4               build/stm32f4xx_hal.o
pFlash              0x20              build/stm32f4xx_hal_flash.o
hUsbDeviceHS        0x224             build/usb_device.o
hadc1               0x48              build/adc.o
UserTxBufferHS      0x4               build/usbd_cdc_if.o
huart4              0x40              build/usart.o
USBD_StrDesc        0x200             build/usbd_desc.o

Discarded input sections

 .text          0x00000000        0x0 /usr/local/gcc-arm-none-eabi-5_4-2016q2/bin/../lib/gcc/arm-none-eabi/5.4.1/armv7e-m/fpu/crti.o
[...]
Memory Configuration

Name             Origin             Length             Attributes
RAM              0x20000000         0x00020000         xrw
FLASH            0x08000000         0x00080000         xr
*default*        0x00000000         0xffffffff

Linker script and memory map

LOAD /usr/local/gcc-arm-none-eabi-5_4-2016q2/bin/../lib/gcc/arm-none-eabi/5.4.1/armv7e-m/fpu/crti.o
LOAD /usr/local/gcc-arm-none-eabi-5_4-2016q2/bin/../lib/gcc/arm-none-eabi/5.4.1/armv7e-m/fpu/crtbegin.o
LOAD /usr/local/gcc-arm-none-eabi-5_4-2016q2/bin/../lib/gcc/arm-none-eabi/5.4.1/../../../../arm-none-eabi/lib/armv7e-m/fpu/crt0.o
LOAD build/usbd_cdc.o
LOAD build/usbd_ioreq.o
LOAD build/usbd_core.o
LOAD build/usbd_ctlreq.o
LOAD build/usbd_desc.o
LOAD build/usbd_cdc_if.o
LOAD build/usart.o
LOAD build/stm32f4xx_hal_msp.o
LOAD build/i2c.o
LOAD build/stm32f4xx_it.o
LOAD build/usbd_conf.o
LOAD build/adc.o
LOAD build/gpio.o
LOAD build/main.o
LOAD build/usb_device.o
LOAD build/stm32f4xx_hal_adc_ex.o
LOAD build/stm32f4xx_hal_pcd.o
LOAD build/stm32f4xx_hal_uart.o
LOAD build/stm32f4xx_hal_dma.o
LOAD build/stm32f4xx_hal_dma_ex.o
LOAD build/stm32f4xx_hal_pwr.o
LOAD build/stm32f4xx_hal_flash.o
LOAD build/stm32f4xx_hal_i2c_ex.o
LOAD build/stm32f4xx_hal_flash_ex.o
LOAD build/stm32f4xx_hal_i2c.o
LOAD build/stm32f4xx_ll_usb.o
LOAD build/stm32f4xx_hal_gpio.o
LOAD build/stm32f4xx_hal_flash_ramfunc.o
LOAD build/stm32f4xx_hal_rcc_ex.o
LOAD build/stm32f4xx_hal_tim_ex.o
LOAD build/stm32f4xx_hal_tim.o
LOAD build/stm32f4xx_hal_pwr_ex.o
LOAD build/stm32f4xx_hal.o
LOAD build/stm32f4xx_hal_rcc.o
LOAD build/stm32f4xx_hal_cortex.o
LOAD build/stm32f4xx_hal_adc.o
LOAD build/stm32f4xx_hal_pcd_ex.o
LOAD build/system_stm32f4xx.o
LOAD build/startup_stm32f446xx.o
LOAD /usr/local/gcc-arm-none-eabi-5_4-2016q2/bin/../lib/gcc/arm-none-eabi/5.4.1/../../../../arm-none-eabi/lib/armv7e-m/fpu/libc_nano.a
LOAD /usr/local/gcc-arm-none-eabi-5_4-2016q2/bin/../lib/gcc/arm-none-eabi/5.4.1/../../../../arm-none-eabi/lib/armv7e-m/fpu/libm.a
LOAD /usr/local/gcc-arm-none-eabi-5_4-2016q2/bin/../lib/gcc/arm-none-eabi/5.4.1/../../../../arm-none-eabi/lib/armv7e-m/fpu/libnosys.a
START GROUP
LOAD /usr/local/gcc-arm-none-eabi-5_4-2016q2/bin/../lib/gcc/arm-none-eabi/5.4.1/armv7e-m/fpu/libgcc.a
LOAD /usr/local/gcc-arm-none-eabi-5_4-2016q2/bin/../lib/gcc/arm-none-eabi/5.4.1/../../../../arm-none-eabi/lib/armv7e-m/fpu/libc_nano.a
END GROUP
START GROUP
LOAD /usr/local/gcc-arm-none-eabi-5_4-2016q2/bin/../lib/gcc/arm-none-eabi/5.4.1/armv7e-m/fpu/libgcc.a
LOAD /usr/local/gcc-arm-none-eabi-5_4-2016q2/bin/../lib/gcc/arm-none-eabi/5.4.1/../../../../arm-none-eabi/lib/armv7e-m/fpu/libc_nano.a
END GROUP
LOAD /usr/local/gcc-arm-none-eabi-5_4-2016q2/bin/../lib/gcc/arm-none-eabi/5.4.1/armv7e-m/fpu/crtend.o
LOAD /usr/local/gcc-arm-none-eabi-5_4-2016q2/bin/../lib/gcc/arm-none-eabi/5.4.1/armv7e-m/fpu/crtn.o
                0x20020000                _estack = 0x20020000
                0x00000200                _Min_Heap_Size = 0x200
                0x00000400                _Min_Stack_Size = 0x400

.isr_vector     0x08000000      0x1c4
                0x08000000                . = ALIGN (0x4)
 *(.isr_vector)
 .isr_vector    0x08000000      0x1c4 build/startup_stm32f446xx.o
                0x08000000                g_pfnVectors
                0x080001c4                . = ALIGN (0x4)

.text           0x080001c4     0x7088
                0x080001c4                . = ALIGN (0x4)
 *(.text)
 .text          0x080001c4       0x5c /usr/local/gcc-arm-none-eabi-5_4-2016q2/bin/../lib/gcc/arm-none-eabi/5.4.1/armv7e-m/fpu/crtbegin.o
 *(.text*)
 .text.USBD_CDC_Init
                0x08000220       0xd4 build/usbd_cdc.o
 .text.USBD_CDC_DeInit
                0x080002f4       0x5c build/usbd_cdc.o
 .text.USBD_CDC_Setup
                0x08000350       0xbc build/usbd_cdc.o
 .text.USBD_CDC_DataIn
                0x0800040c       0x38 build/usbd_cdc.o
 .text.USBD_CDC_DataOut
                0x08000444       0x58 build/usbd_cdc.o
 .text.USBD_CDC_EP0_RxReady
                0x0800049c       0x50 build/usbd_cdc.o
 .text.USBD_CDC_GetFSCfgDesc
                0x080004ec       0x20 build/usbd_cdc.o
 .text.USBD_CDC_GetHSCfgDesc
                0x0800050c       0x20 build/usbd_cdc.o
 .text.USBD_CDC_GetOtherSpeedCfgDesc
                0x0800052c       0x20 build/usbd_cdc.o
 .text.USBD_CDC_GetDeviceQualifierDescriptor
                0x0800054c       0x20 build/usbd_cdc.o
                0x0800054c                USBD_CDC_GetDeviceQualifierDescriptor
 .text.USBD_CDC_RegisterInterface
                0x0800056c       0x30 build/usbd_cdc.o
                0x0800056c                USBD_CDC_RegisterInterface
 .text.USBD_CDC_SetTxBuffer
                0x0800059c       0x34 build/usbd_cdc.o
                0x0800059c                USBD_CDC_SetTxBuffer
 .text.USBD_CDC_SetRxBuffer
                0x080005d0       0x28 build/usbd_cdc.o
                0x080005d0                USBD_CDC_SetRxBuffer
 .text.USBD_CDC_ReceivePacket
                0x080005f8       0x54 build/usbd_cdc.o
                0x080005f8                USBD_CDC_ReceivePacket
 .text.USBD_CtlSendData
                0x0800064c       0x38 build/usbd_ioreq.o
                0x0800064c                USBD_CtlSendData
 .text.USBD_CtlContinueSendData
                0x08000684       0x24 build/usbd_ioreq.o
                0x08000684                USBD_CtlContinueSendData
 .text.USBD_CtlPrepareRx
                0x080006a8       0x3c build/usbd_ioreq.o
                0x080006a8                USBD_CtlPrepareRx
 .text.USBD_CtlContinueRx
                0x080006e4       0x24 build/usbd_ioreq.o
                0x080006e4                USBD_CtlContinueRx
 .text.USBD_CtlSendStatus
                0x08000708       0x28 build/usbd_ioreq.o
                0x08000708                USBD_CtlSendStatus
 .text.USBD_CtlReceiveStatus
                0x08000730       0x28 build/usbd_ioreq.o
                0x08000730                USBD_CtlReceiveStatus
 .text.USBD_Init
                0x08000758       0x58 build/usbd_core.o
                0x08000758                USBD_Init
 .text.USBD_RegisterClass
                0x080007b0       0x34 build/usbd_core.o
                0x080007b0                USBD_RegisterClass
 .text.USBD_Start
                0x080007e4       0x18 build/usbd_core.o
                0x080007e4                USBD_Start
 .text.USBD_RunTestMode
                0x080007fc       0x18 build/usbd_core.o
                0x080007fc                USBD_RunTestMode
 .text.USBD_SetClassConfig
                0x08000814       0x40 build/usbd_core.o
                0x08000814                USBD_SetClassConfig
 .text.USBD_ClrClassConfig
                0x08000854       0x28 build/usbd_core.o
                0x08000854                USBD_ClrClassConfig
 .text.USBD_LL_SetupStage
                0x0800087c       0x94 build/usbd_core.o
                0x0800087c                USBD_LL_SetupStage
 .text.USBD_LL_DataOutStage
                0x08000910       0xb8 build/usbd_core.o
                0x08000910                USBD_LL_DataOutStage
 .text.USBD_LL_DataInStage
                0x080009c8      0x120 build/usbd_core.o
                0x080009c8                USBD_LL_DataInStage
 .text.USBD_LL_Reset
                0x08000ae8       0x60 build/usbd_core.o
                0x08000ae8                USBD_LL_Reset
 .text.USBD_LL_SetSpeed
                0x08000b48       0x20 build/usbd_core.o
                0x08000b48                USBD_LL_SetSpeed
 .text.USBD_LL_Suspend
                0x08000b68       0x2c build/usbd_core.o
                0x08000b68                USBD_LL_Suspend
 .text.USBD_LL_Resume
                0x08000b94       0x24 build/usbd_core.o
                0x08000b94                USBD_LL_Resume
 .text.USBD_LL_SOF
                0x08000bb8       0x34 build/usbd_core.o
                0x08000bb8                USBD_LL_SOF
 .text.USBD_LL_IsoINIncomplete
                0x08000bec       0x1c build/usbd_core.o
                0x08000bec                USBD_LL_IsoINIncomplete
 .text.USBD_LL_IsoOUTIncomplete
                0x08000c08       0x1c build/usbd_core.o
                0x08000c08                USBD_LL_IsoOUTIncomplete
 .text.USBD_LL_DevConnected
                0x08000c24       0x18 build/usbd_core.o
                0x08000c24                USBD_LL_DevConnected
 .text.USBD_LL_DevDisconnected
                0x08000c3c       0x30 build/usbd_core.o
                0x08000c3c                USBD_LL_DevDisconnected
 .text.USBD_StdDevReq
                0x08000c6c       0xa0 build/usbd_ctlreq.o
                0x08000c6c                USBD_StdDevReq
 .text.USBD_StdItfReq
                0x08000d0c       0x68 build/usbd_ctlreq.o
                0x08000d0c                USBD_StdItfReq
 .text.USBD_StdEPReq
                0x08000d74      0x1b0 build/usbd_ctlreq.o
                0x08000d74                USBD_StdEPReq
 .text.USBD_GetDescriptor
                0x08000f24      0x220 build/usbd_ctlreq.o
 .text.USBD_SetAddress
                0x08001144       0x7c build/usbd_ctlreq.o
 .text.USBD_SetConfig
                0x080011c0      0x110 build/usbd_ctlreq.o
 .text.USBD_GetConfig
                0x080012d0       0x64 build/usbd_ctlreq.o
 .text.USBD_GetStatus
                0x08001334       0x54 build/usbd_ctlreq.o
 .text.USBD_SetFeature
                0x08001388       0x38 build/usbd_ctlreq.o
 .text.USBD_ClrFeature
                0x080013c0       0x50 build/usbd_ctlreq.o
 .text.USBD_ParseSetupRequest
                0x08001410       0x7c build/usbd_ctlreq.o
                0x08001410                USBD_ParseSetupRequest
 .text.USBD_CtlError
                0x0800148c       0x24 build/usbd_ctlreq.o
                0x0800148c                USBD_CtlError
 .text.USBD_GetString
                0x080014b0       0x88 build/usbd_ctlreq.o
                0x080014b0                USBD_GetString
 .text.USBD_GetLen
                0x08001538       0x30 build/usbd_ctlreq.o
 .text.USBD_HS_DeviceDescriptor
                0x08001568       0x24 build/usbd_desc.o
                0x08001568                USBD_HS_DeviceDescriptor
 .text.USBD_HS_LangIDStrDescriptor
                0x0800158c       0x24 build/usbd_desc.o
                0x0800158c                USBD_HS_LangIDStrDescriptor
 .text.USBD_HS_ProductStrDescriptor
                0x080015b0       0x3c build/usbd_desc.o
                0x080015b0                USBD_HS_ProductStrDescriptor
 .text.USBD_HS_ManufacturerStrDescriptor
                0x080015ec       0x28 build/usbd_desc.o
                0x080015ec                USBD_HS_ManufacturerStrDescriptor
 .text.USBD_HS_SerialStrDescriptor
                0x08001614       0x3c build/usbd_desc.o
                0x08001614                USBD_HS_SerialStrDescriptor
 .text.USBD_HS_ConfigStrDescriptor
                0x08001650       0x3c build/usbd_desc.o
                0x08001650                USBD_HS_ConfigStrDescriptor
 .text.USBD_HS_InterfaceStrDescriptor
                0x0800168c       0x3c build/usbd_desc.o
                0x0800168c                USBD_HS_InterfaceStrDescriptor
 .text.USBD_HS_USR_BOSDescriptor
                0x080016c8       0x24 build/usbd_desc.o
                0x080016c8                USBD_HS_USR_BOSDescriptor
 .text.CDC_Init_HS
                0x080016ec       0x28 build/usbd_cdc_if.o
 .text.CDC_DeInit_HS
                0x08001714       0x10 build/usbd_cdc_if.o
 .text.CDC_Control_HS
                0x08001724       0xbc build/usbd_cdc_if.o
 .text.CDC_Receive_HS
                0x080017e0       0x28 build/usbd_cdc_if.o
 .text.MX_UART4_Init
                0x08001808       0x54 build/usart.o
                0x08001808                MX_UART4_Init
 .text.MX_USART3_UART_Init
                0x0800185c       0x54 build/usart.o
                0x0800185c                MX_USART3_UART_Init
 .text.HAL_UART_MspInit
                0x080018b0       0xb4 build/usart.o
                0x080018b0                HAL_UART_MspInit
 .text.HAL_MspInit
                0x08001964       0x64 build/stm32f4xx_hal_msp.o
                0x08001964                HAL_MspInit
 .text.MX_I2C1_Init
                0x080019c8       0x5c build/i2c.o
                0x080019c8                MX_I2C1_Init
 .text.HAL_I2C_MspInit
                0x08001a24       0x64 build/i2c.o
                0x08001a24                HAL_I2C_MspInit
 .text.NMI_Handler
                0x08001a88       0x10 build/stm32f4xx_it.o
                0x08001a88                NMI_Handler
 .text.HardFault_Handler
                0x08001a98        0x8 build/stm32f4xx_it.o
                0x08001a98                HardFault_Handler
 .text.MemManage_Handler
                0x08001aa0        0x8 build/stm32f4xx_it.o
                0x08001aa0                MemManage_Handler
 .text.BusFault_Handler
                0x08001aa8        0x8 build/stm32f4xx_it.o
                0x08001aa8                BusFault_Handler
 .text.UsageFault_Handler
                0x08001ab0        0x8 build/stm32f4xx_it.o
                0x08001ab0                UsageFault_Handler
 .text.SVC_Handler
                0x08001ab8       0x10 build/stm32f4xx_it.o
                0x08001ab8                SVC_Handler
 .text.DebugMon_Handler
                0x08001ac8       0x10 build/stm32f4xx_it.o
                0x08001ac8                DebugMon_Handler
 .text.PendSV_Handler
                0x08001ad8       0x10 build/stm32f4xx_it.o
                0x08001ad8                PendSV_Handler
 .text.SysTick_Handler
                0x08001ae8       0x10 build/stm32f4xx_it.o
                0x08001ae8                SysTick_Handler
 .text.OTG_HS_IRQHandler
                0x08001af8       0x14 build/stm32f4xx_it.o
                0x08001af8                OTG_HS_IRQHandler
 .text.HAL_PCD_MspInit
                0x08001b0c       0x90 build/usbd_conf.o
                0x08001b0c                HAL_PCD_MspInit
 .text.HAL_PCD_SetupStageCallback
                0x08001b9c       0x24 build/usbd_conf.o
                0x08001b9c                HAL_PCD_SetupStageCallback
 .text.HAL_PCD_DataOutStageCallback
                0x08001bc0       0x38 build/usbd_conf.o
                0x08001bc0                HAL_PCD_DataOutStageCallback
 .text.HAL_PCD_DataInStageCallback
                0x08001bf8       0x34 build/usbd_conf.o
                0x08001bf8                HAL_PCD_DataInStageCallback
 .text.HAL_PCD_SOFCallback
                0x08001c2c       0x1c build/usbd_conf.o
                0x08001c2c                HAL_PCD_SOFCallback
 .text.HAL_PCD_ResetCallback
                0x08001c48       0x50 build/usbd_conf.o
                0x08001c48                HAL_PCD_ResetCallback
 .text.HAL_PCD_SuspendCallback
                0x08001c98       0x50 build/usbd_conf.o
                0x08001c98                HAL_PCD_SuspendCallback
 .text.HAL_PCD_ResumeCallback
                0x08001ce8       0x1c build/usbd_conf.o
                0x08001ce8                HAL_PCD_ResumeCallback
 .text.HAL_PCD_ISOOUTIncompleteCallback
                0x08001d04       0x24 build/usbd_conf.o
                0x08001d04                HAL_PCD_ISOOUTIncompleteCallback
 .text.HAL_PCD_ISOINIncompleteCallback
                0x08001d28       0x24 build/usbd_conf.o
                0x08001d28                HAL_PCD_ISOINIncompleteCallback
 .text.HAL_PCD_ConnectCallback
                0x08001d4c       0x1c build/usbd_conf.o
                0x08001d4c                HAL_PCD_ConnectCallback
 .text.HAL_PCD_DisconnectCallback
                0x08001d68       0x1c build/usbd_conf.o
                0x08001d68                HAL_PCD_DisconnectCallback
 .text.USBD_LL_Init
                0x08001d84       0xac build/usbd_conf.o
                0x08001d84                USBD_LL_Init
 .text.USBD_LL_Start
                0x08001e30       0x20 build/usbd_conf.o
                0x08001e30                USBD_LL_Start
 .text.USBD_LL_OpenEP
                0x08001e50       0x34 build/usbd_conf.o
                0x08001e50                USBD_LL_OpenEP
 .text.USBD_LL_CloseEP
                0x08001e84       0x28 build/usbd_conf.o
                0x08001e84                USBD_LL_CloseEP
 .text.USBD_LL_StallEP
                0x08001eac       0x28 build/usbd_conf.o
                0x08001eac                USBD_LL_StallEP
 .text.USBD_LL_ClearStallEP
                0x08001ed4       0x28 build/usbd_conf.o
                0x08001ed4                USBD_LL_ClearStallEP
 .text.USBD_LL_IsStallEP
                0x08001efc       0x58 build/usbd_conf.o
                0x08001efc                USBD_LL_IsStallEP
 .text.USBD_LL_SetUSBAddress
                0x08001f54       0x28 build/usbd_conf.o
                0x08001f54                USBD_LL_SetUSBAddress
 .text.USBD_LL_Transmit
                0x08001f7c       0x30 build/usbd_conf.o
                0x08001f7c                USBD_LL_Transmit
 .text.USBD_LL_PrepareReceive
                0x08001fac       0x30 build/usbd_conf.o
                0x08001fac                USBD_LL_PrepareReceive
 .text.USBD_LL_GetRxDataSize
                0x08001fdc       0x28 build/usbd_conf.o
                0x08001fdc                USBD_LL_GetRxDataSize
 .text.HAL_PCDEx_LPM_Callback
                0x08002004       0xa0 build/usbd_conf.o
                0x08002004                HAL_PCDEx_LPM_Callback
 .text.MX_ADC1_Init
                0x080020a4       0x88 build/adc.o
                0x080020a4                MX_ADC1_Init
 .text.HAL_ADC_MspInit
                0x0800212c       0x5c build/adc.o
                0x0800212c                HAL_ADC_MspInit
 .text.MX_GPIO_Init
                0x08002188       0x88 build/gpio.o
                0x08002188                MX_GPIO_Init
 .text.main     0x08002210       0x28 build/main.o
                0x08002210                main
 .text.SystemClock_Config
                0x08002238      0x110 build/main.o
                0x08002238                SystemClock_Config
 .text.Error_Handler
                0x08002348        0x8 build/main.o
                0x08002348                Error_Handler
 .text.MX_USB_DEVICE_Init
                0x08002350       0x38 build/usb_device.o
                0x08002350                MX_USB_DEVICE_Init
 .text.HAL_PCD_Init
                0x08002388      0x21c build/stm32f4xx_hal_pcd.o
                0x08002388                HAL_PCD_Init
 .text.HAL_PCD_Start
                0x080025a4       0x44 build/stm32f4xx_hal_pcd.o
                0x080025a4                HAL_PCD_Start
 .text.HAL_PCD_IRQHandler
                0x080025e8      0x990 build/stm32f4xx_hal_pcd.o
                0x080025e8                HAL_PCD_IRQHandler
 .text.HAL_PCD_SetAddress
                0x08002f78       0x44 build/stm32f4xx_hal_pcd.o
                0x08002f78                HAL_PCD_SetAddress
 .text.HAL_PCD_EP_Open
                0x08002fbc       0xd4 build/stm32f4xx_hal_pcd.o
                0x08002fbc                HAL_PCD_EP_Open
 .text.HAL_PCD_EP_Close
                0x08003090       0x98 build/stm32f4xx_hal_pcd.o
                0x08003090                HAL_PCD_EP_Close
 .text.HAL_PCD_EP_Receive
                0x08003128       0xb4 build/stm32f4xx_hal_pcd.o
                0x08003128                HAL_PCD_EP_Receive
 .text.HAL_PCD_EP_GetRxCount
                0x080031dc       0x34 build/stm32f4xx_hal_pcd.o
                0x080031dc                HAL_PCD_EP_GetRxCount
 .text.HAL_PCD_EP_Transmit
                0x08003210       0xb0 build/stm32f4xx_hal_pcd.o
                0x08003210                HAL_PCD_EP_Transmit
 .text.HAL_PCD_EP_SetStall
                0x080032c0       0xb8 build/stm32f4xx_hal_pcd.o
                0x080032c0                HAL_PCD_EP_SetStall
 .text.HAL_PCD_EP_ClrStall
                0x08003378       0x98 build/stm32f4xx_hal_pcd.o
                0x08003378                HAL_PCD_EP_ClrStall
 .text.PCD_WriteEmptyTxFifo
                0x08003410      0x104 build/stm32f4xx_hal_pcd.o
 .text.HAL_UART_Init
                0x08003514       0x9c build/stm32f4xx_hal_uart.o
                0x08003514                HAL_UART_Init
 .text.UART_SetConfig
                0x080035b0      0x438 build/stm32f4xx_hal_uart.o
 .text.HAL_I2C_Init
                0x080039e8      0x1c0 build/stm32f4xx_hal_i2c.o
                0x080039e8                HAL_I2C_Init
 .text.USB_CoreInit
                0x08003ba8       0x98 build/stm32f4xx_ll_usb.o
                0x08003ba8                USB_CoreInit
 .text.USB_EnableGlobalInt
                0x08003c40       0x24 build/stm32f4xx_ll_usb.o
                0x08003c40                USB_EnableGlobalInt
 .text.USB_DisableGlobalInt
                0x08003c64       0x24 build/stm32f4xx_ll_usb.o
                0x08003c64                USB_DisableGlobalInt
 .text.USB_SetCurrentMode
                0x08003c88       0x50 build/stm32f4xx_ll_usb.o
                0x08003c88                USB_SetCurrentMode
 .text.USB_DevInit
                0x08003cd8      0x270 build/stm32f4xx_ll_usb.o
                0x08003cd8                USB_DevInit
 .text.USB_FlushTxFifo
                0x08003f48       0x4c build/stm32f4xx_ll_usb.o
                0x08003f48                USB_FlushTxFifo
 .text.USB_FlushRxFifo
                0x08003f94       0x44 build/stm32f4xx_ll_usb.o
                0x08003f94                USB_FlushRxFifo
 .text.USB_SetDevSpeed
                0x08003fd8       0x30 build/stm32f4xx_ll_usb.o
                0x08003fd8                USB_SetDevSpeed
 .text.USB_GetDevSpeed
                0x08004008       0x6c build/stm32f4xx_ll_usb.o
                0x08004008                USB_GetDevSpeed
 .text.USB_ActivateEndpoint
                0x08004074      0x114 build/stm32f4xx_ll_usb.o
                0x08004074                USB_ActivateEndpoint
 .text.USB_DeactivateEndpoint
                0x08004188       0xf8 build/stm32f4xx_ll_usb.o
                0x08004188                USB_DeactivateEndpoint
 .text.USB_EPStartXfer
                0x08004280      0x484 build/stm32f4xx_ll_usb.o
                0x08004280                USB_EPStartXfer
 .text.USB_EP0StartXfer
                0x08004704      0x2bc build/stm32f4xx_ll_usb.o
                0x08004704                USB_EP0StartXfer
 .text.USB_WritePacket
                0x080049c0       0x6c build/stm32f4xx_ll_usb.o
                0x080049c0                USB_WritePacket
 .text.USB_ReadPacket
                0x08004a2c       0x50 build/stm32f4xx_ll_usb.o
                0x08004a2c                USB_ReadPacket
 .text.USB_EPSetStall
                0x08004a7c       0xe4 build/stm32f4xx_ll_usb.o
                0x08004a7c                USB_EPSetStall
 .text.USB_EPClearStall
                0x08004b60       0xdc build/stm32f4xx_ll_usb.o
                0x08004b60                USB_EPClearStall
 .text.USB_SetDevAddress
                0x08004c3c       0x4c build/stm32f4xx_ll_usb.o
                0x08004c3c                USB_SetDevAddress
 .text.USB_DevConnect
                0x08004c88       0x30 build/stm32f4xx_ll_usb.o
                0x08004c88                USB_DevConnect
 .text.USB_DevDisconnect
                0x08004cb8       0x30 build/stm32f4xx_ll_usb.o
                0x08004cb8                USB_DevDisconnect
 .text.USB_ReadInterrupts
                0x08004ce8       0x2c build/stm32f4xx_ll_usb.o
                0x08004ce8                USB_ReadInterrupts
 .text.USB_ReadDevAllOutEpInterrupt
                0x08004d14       0x30 build/stm32f4xx_ll_usb.o
                0x08004d14                USB_ReadDevAllOutEpInterrupt
 .text.USB_ReadDevAllInEpInterrupt
                0x08004d44       0x30 build/stm32f4xx_ll_usb.o
                0x08004d44                USB_ReadDevAllInEpInterrupt
 .text.USB_ReadDevOutEPInterrupt
                0x08004d74       0x38 build/stm32f4xx_ll_usb.o
                0x08004d74                USB_ReadDevOutEPInterrupt
 .text.USB_ReadDevInEPInterrupt
                0x08004dac       0x54 build/stm32f4xx_ll_usb.o
                0x08004dac                USB_ReadDevInEPInterrupt
 .text.USB_GetMode
                0x08004e00       0x1c build/stm32f4xx_ll_usb.o
                0x08004e00                USB_GetMode
 .text.USB_ActivateSetup
                0x08004e1c       0x6c build/stm32f4xx_ll_usb.o
                0x08004e1c                USB_ActivateSetup
 .text.USB_EP0_OutStart
                0x08004e88       0x8c build/stm32f4xx_ll_usb.o
                0x08004e88                USB_EP0_OutStart
 .text.USB_CoreReset
                0x08004f14       0x68 build/stm32f4xx_ll_usb.o
 .text.HAL_GPIO_Init
                0x08004f7c      0x324 build/stm32f4xx_hal_gpio.o
                0x08004f7c                HAL_GPIO_Init
 .text.HAL_RCCEx_PeriphCLKConfig
                0x080052a0      0xaa4 build/stm32f4xx_hal_rcc_ex.o
                0x080052a0                HAL_RCCEx_PeriphCLKConfig
 .text.HAL_RCC_OscConfig
                0x08005d44      0x47c build/stm32f4xx_hal_rcc_ex.o
                0x08005d44                HAL_RCC_OscConfig
 .text.HAL_RCC_GetSysClockFreq
                0x080061c0      0x1d8 build/stm32f4xx_hal_rcc_ex.o
                0x080061c0                HAL_RCC_GetSysClockFreq
 .text.HAL_Init
                0x08006398       0x44 build/stm32f4xx_hal.o
                0x08006398                HAL_Init
 .text.HAL_InitTick
                0x080063dc       0x38 build/stm32f4xx_hal.o
                0x080063dc                HAL_InitTick
 .text.HAL_IncTick
                0x08006414       0x1c build/stm32f4xx_hal.o
                0x08006414                HAL_IncTick
 .text.HAL_GetTick
                0x08006430       0x18 build/stm32f4xx_hal.o
                0x08006430                HAL_GetTick
 .text.HAL_Delay
                0x08006448       0x2c build/stm32f4xx_hal.o
                0x08006448                HAL_Delay
 .text.HAL_RCC_ClockConfig
                0x08006474      0x224 build/stm32f4xx_hal_rcc.o
                0x08006474                HAL_RCC_ClockConfig
 .text.HAL_RCC_GetHCLKFreq
                0x08006698       0x18 build/stm32f4xx_hal_rcc.o
                0x08006698                HAL_RCC_GetHCLKFreq
 .text.HAL_RCC_GetPCLK1Freq
                0x080066b0       0x44 build/stm32f4xx_hal_rcc.o
                0x080066b0                HAL_RCC_GetPCLK1Freq
 .text.HAL_RCC_GetPCLK2Freq
                0x080066f4       0x44 build/stm32f4xx_hal_rcc.o
                0x080066f4                HAL_RCC_GetPCLK2Freq
 .text.NVIC_SetPriorityGrouping
                0x08006738       0x48 build/stm32f4xx_hal_cortex.o
 .text.NVIC_GetPriorityGrouping
                0x08006780       0x1c build/stm32f4xx_hal_cortex.o
 .text.NVIC_EnableIRQ
                0x0800679c       0x34 build/stm32f4xx_hal_cortex.o
 .text.NVIC_SetPriority
                0x080067d0       0x54 build/stm32f4xx_hal_cortex.o
 .text.NVIC_EncodePriority
                0x08006824       0x64 build/stm32f4xx_hal_cortex.o
 .text.SysTick_Config
                0x08006888       0x44 build/stm32f4xx_hal_cortex.o
 .text.HAL_NVIC_SetPriorityGrouping
                0x080068cc       0x18 build/stm32f4xx_hal_cortex.o
                0x080068cc                HAL_NVIC_SetPriorityGrouping
 .text.HAL_NVIC_SetPriority
                0x080068e4       0x38 build/stm32f4xx_hal_cortex.o
                0x080068e4                HAL_NVIC_SetPriority
 .text.HAL_NVIC_EnableIRQ
                0x0800691c       0x1c build/stm32f4xx_hal_cortex.o
                0x0800691c                HAL_NVIC_EnableIRQ
 .text.HAL_SYSTICK_Config
                0x08006938       0x18 build/stm32f4xx_hal_cortex.o
                0x08006938                HAL_SYSTICK_Config
 .text.HAL_SYSTICK_CLKSourceConfig
                0x08006950       0x38 build/stm32f4xx_hal_cortex.o
                0x08006950                HAL_SYSTICK_CLKSourceConfig
 .text.HAL_SYSTICK_IRQHandler
                0x08006988        0xc build/stm32f4xx_hal_cortex.o
                0x08006988                HAL_SYSTICK_IRQHandler
 .text.HAL_SYSTICK_Callback
                0x08006994       0x10 build/stm32f4xx_hal_cortex.o
                0x08006994                HAL_SYSTICK_Callback
 .text.HAL_ADC_Init
                0x080069a4       0x88 build/stm32f4xx_hal_adc.o
                0x080069a4                HAL_ADC_Init
 .text.HAL_ADC_ConfigChannel
                0x08006a2c      0x23c build/stm32f4xx_hal_adc.o
                0x08006a2c                HAL_ADC_ConfigChannel
 .text.ADC_Init
                0x08006c68      0x204 build/stm32f4xx_hal_adc.o
 .text.HAL_PCDEx_SetTxFiFo
                0x08006e6c       0x98 build/stm32f4xx_hal_pcd_ex.o
                0x08006e6c                HAL_PCDEx_SetTxFiFo
 .text.HAL_PCDEx_SetRxFiFo
                0x08006f04       0x24 build/stm32f4xx_hal_pcd_ex.o
                0x08006f04                HAL_PCDEx_SetRxFiFo
 .text.HAL_PCDEx_ActivateLPM
                0x08006f28       0x48 build/stm32f4xx_hal_pcd_ex.o
                0x08006f28                HAL_PCDEx_ActivateLPM
 .text.SystemInit
                0x08006f70       0x6c build/system_stm32f4xx.o
                0x08006f70                SystemInit
 .text.Reset_Handler
                0x08006fdc       0x50 build/startup_stm32f446xx.o
                0x08006fdc                Reset_Handler
 .text.Default_Handler
                0x0800702c        0x2 build/startup_stm32f446xx.o
                0x0800702c                RTC_Alarm_IRQHandler
                0x0800702c                EXTI2_IRQHandler
                0x0800702c                TIM8_CC_IRQHandler
                0x0800702c                SPI4_IRQHandler
                0x0800702c                TIM1_CC_IRQHandler
                0x0800702c                DMA2_Stream5_IRQHandler
                0x0800702c                DMA1_Stream5_IRQHandler
                0x0800702c                PVD_IRQHandler
                0x0800702c                SDIO_IRQHandler
                0x0800702c                TAMP_STAMP_IRQHandler
                0x0800702c                CAN2_RX1_IRQHandler
                0x0800702c                EXTI3_IRQHandler
                0x0800702c                TIM8_TRG_COM_TIM14_IRQHandler
                0x0800702c                TIM1_UP_TIM10_IRQHandler
                0x0800702c                TIM8_UP_TIM13_IRQHandler
                0x0800702c                I2C3_ER_IRQHandler
                0x0800702c                FMPI2C1_Event_IRQHandler
                0x0800702c                EXTI0_IRQHandler
                0x0800702c                I2C2_EV_IRQHandler
                0x0800702c                DMA1_Stream2_IRQHandler
                0x0800702c                CAN1_RX0_IRQHandler
                0x0800702c                FPU_IRQHandler
                0x0800702c                OTG_HS_WKUP_IRQHandler
                0x0800702c                CAN2_SCE_IRQHandler
                0x0800702c                DMA2_Stream2_IRQHandler
                0x0800702c                SPI1_IRQHandler
                0x0800702c                TIM6_DAC_IRQHandler
                0x0800702c                TIM1_BRK_TIM9_IRQHandler
                0x0800702c                DCMI_IRQHandler
                0x0800702c                CAN2_RX0_IRQHandler
                0x0800702c                DMA2_Stream3_IRQHandler
                0x0800702c                SAI2_IRQHandler
                0x0800702c                USART6_IRQHandler
                0x0800702c                USART3_IRQHandler
                0x0800702c                CAN1_RX1_IRQHandler
                0x0800702c                UART5_IRQHandler
                0x0800702c                DMA2_Stream0_IRQHandler
                0x0800702c                TIM4_IRQHandler
                0x0800702c                QUADSPI_IRQHandler
                0x0800702c                I2C1_EV_IRQHandler
                0x0800702c                DMA1_Stream6_IRQHandler
                0x0800702c                DMA1_Stream1_IRQHandler
                0x0800702c                UART4_IRQHandler
                0x0800702c                TIM3_IRQHandler
                0x0800702c                RCC_IRQHandler
                0x0800702c                TIM8_BRK_TIM12_IRQHandler
                0x0800702c                Default_Handler
                0x0800702c                CEC_IRQHandler
                0x0800702c                EXTI15_10_IRQHandler
                0x0800702c                ADC_IRQHandler
                0x0800702c                DMA1_Stream7_IRQHandler
                0x0800702c                TIM7_IRQHandler
                0x0800702c                CAN2_TX_IRQHandler
                0x0800702c                TIM5_IRQHandler
                0x0800702c                DMA2_Stream7_IRQHandler
                0x0800702c                I2C3_EV_IRQHandler
                0x0800702c                EXTI9_5_IRQHandler
                0x0800702c                RTC_WKUP_IRQHandler
                0x0800702c                SPDIF_RX_IRQHandler
                0x0800702c                SPI2_IRQHandler
                0x0800702c                OTG_HS_EP1_IN_IRQHandler
                0x0800702c                DMA1_Stream0_IRQHandler
                0x0800702c                CAN1_TX_IRQHandler
                0x0800702c                EXTI4_IRQHandler
                0x0800702c                OTG_HS_EP1_OUT_IRQHandler
                0x0800702c                WWDG_IRQHandler
                0x0800702c                TIM2_IRQHandler
                0x0800702c                OTG_FS_WKUP_IRQHandler
                0x0800702c                TIM1_TRG_COM_TIM11_IRQHandler
                0x0800702c                EXTI1_IRQHandler
                0x0800702c                USART2_IRQHandler
                0x0800702c                I2C2_ER_IRQHandler
                0x0800702c                DMA2_Stream1_IRQHandler
                0x0800702c                CAN1_SCE_IRQHandler
                0x0800702c                FLASH_IRQHandler
                0x0800702c                DMA2_Stream4_IRQHandler
                0x0800702c                USART1_IRQHandler
                0x0800702c                OTG_FS_IRQHandler
                0x0800702c                SPI3_IRQHandler
                0x0800702c                DMA1_Stream4_IRQHandler
                0x0800702c                I2C1_ER_IRQHandler
                0x0800702c                FMC_IRQHandler
                0x0800702c                DMA2_Stream6_IRQHandler
                0x0800702c                SAI1_IRQHandler
                0x0800702c                DMA1_Stream3_IRQHandler
                0x0800702c                FMPI2C1_Error_IRQHandler
 *fill*         0x0800702e        0x2 
 .text.__libc_init_array
                0x08007030       0x4c /usr/local/gcc-arm-none-eabi-5_4-2016q2/bin/../lib/gcc/arm-none-eabi/5.4.1/../../../../arm-none-eabi/lib/armv7e-m/fpu/libc_nano.a(lib_a-init.o)
                0x08007030                __libc_init_array
 .text.malloc   0x0800707c       0x10 /usr/local/gcc-arm-none-eabi-5_4-2016q2/bin/../lib/gcc/arm-none-eabi/5.4.1/../../../../arm-none-eabi/lib/armv7e-m/fpu/libc_nano.a(lib_a-malloc.o)
                0x0800707c                malloc
 .text.free     0x0800708c       0x10 /usr/local/gcc-arm-none-eabi-5_4-2016q2/bin/../lib/gcc/arm-none-eabi/5.4.1/../../../../arm-none-eabi/lib/armv7e-m/fpu/libc_nano.a(lib_a-malloc.o)
                0x0800708c                free
 .text._free_r  0x0800709c       0x9c /usr/local/gcc-arm-none-eabi-5_4-2016q2/bin/../lib/gcc/arm-none-eabi/5.4.1/../../../../arm-none-eabi/lib/armv7e-m/fpu/libc_nano.a(lib_a-nano-freer.o)
                0x0800709c                _free_r
 .text._malloc_r
                0x08007138       0xbc /usr/local/gcc-arm-none-eabi-5_4-2016q2/bin/../lib/gcc/arm-none-eabi/5.4.1/../../../../arm-none-eabi/lib/armv7e-m/fpu/libc_nano.a(lib_a-nano-mallocr.o)
                0x08007138                _malloc_r
 .text._sbrk_r  0x080071f4       0x20 /usr/local/gcc-arm-none-eabi-5_4-2016q2/bin/../lib/gcc/arm-none-eabi/5.4.1/../../../../arm-none-eabi/lib/armv7e-m/fpu/libc_nano.a(lib_a-sbrkr.o)
                0x080071f4                _sbrk_r
 .text.__malloc_lock
                0x08007214        0x2 /usr/local/gcc-arm-none-eabi-5_4-2016q2/bin/../lib/gcc/arm-none-eabi/5.4.1/../../../../arm-none-eabi/lib/armv7e-m/fpu/libc_nano.a(lib_a-mlock.o)
                0x08007214                __malloc_lock
 .text.__malloc_unlock
                0x08007216        0x2 /usr/local/gcc-arm-none-eabi-5_4-2016q2/bin/../lib/gcc/arm-none-eabi/5.4.1/../../../../arm-none-eabi/lib/armv7e-m/fpu/libc_nano.a(lib_a-mlock.o)
                0x08007216                __malloc_unlock
 .text._sbrk    0x08007218       0x1c /usr/local/gcc-arm-none-eabi-5_4-2016q2/bin/../lib/gcc/arm-none-eabi/5.4.1/../../../../arm-none-eabi/lib/armv7e-m/fpu/libnosys.a(sbrk.o)
                0x08007218                _sbrk
 *(.glue_7)
 .glue_7        0x08007234        0x0 linker stubs
 *(.glue_7t)
 .glue_7t       0x08007234        0x0 linker stubs
 *(.eh_frame)
 .eh_frame      0x08007234        0x0 /usr/local/gcc-arm-none-eabi-5_4-2016q2/bin/../lib/gcc/arm-none-eabi/5.4.1/armv7e-m/fpu/crtbegin.o
 *(.init)
 .init          0x08007234        0x4 /usr/local/gcc-arm-none-eabi-5_4-2016q2/bin/../lib/gcc/arm-none-eabi/5.4.1/armv7e-m/fpu/crti.o
                0x08007234                _init
 .init          0x08007238        0x8 /usr/local/gcc-arm-none-eabi-5_4-2016q2/bin/../lib/gcc/arm-none-eabi/5.4.1/armv7e-m/fpu/crtn.o
 *(.fini)
 .fini          0x08007240        0x4 /usr/local/gcc-arm-none-eabi-5_4-2016q2/bin/../lib/gcc/arm-none-eabi/5.4.1/armv7e-m/fpu/crti.o
                0x08007240                _fini
 .fini          0x08007244        0x8 /usr/local/gcc-arm-none-eabi-5_4-2016q2/bin/../lib/gcc/arm-none-eabi/5.4.1/armv7e-m/fpu/crtn.o
                0x0800724c                . = ALIGN (0x4)
                0x0800724c                _etext = .

.vfp11_veneer   0x0800724c        0x0
 .vfp11_veneer  0x0800724c        0x0 linker stubs

.v4_bx          0x0800724c        0x0
 .v4_bx         0x0800724c        0x0 linker stubs

.iplt           0x0800724c        0x0
 .iplt          0x0800724c        0x0 /usr/local/gcc-arm-none-eabi-5_4-2016q2/bin/../lib/gcc/arm-none-eabi/5.4.1/armv7e-m/fpu/crtbegin.o

.rodata         0x0800724c       0x6c
                0x0800724c                . = ALIGN (0x4)
 *(.rodata)
 .rodata        0x0800724c       0x56 build/usbd_desc.o
 *(.rodata*)
 *fill*         0x080072a2        0x2 
 .rodata.APBAHBPrescTable
                0x080072a4       0x10 build/stm32f4xx_hal_rcc.o
                0x080072a4                APBAHBPrescTable
 .rodata.str1.1
                0x080072b4        0x2 /usr/local/gcc-arm-none-eabi-5_4-2016q2/bin/../lib/gcc/arm-none-eabi/5.4.1/../../../../arm-none-eabi/lib/armv7e-m/fpu/libc_nano.a(lib_a-impure.o)
                0x080072b8                . = ALIGN (0x4)
 *fill*         0x080072b6        0x2 

.rel.dyn        0x080072b8        0x0
 .rel.iplt      0x080072b8        0x0 /usr/local/gcc-arm-none-eabi-5_4-2016q2/bin/../lib/gcc/arm-none-eabi/5.4.1/armv7e-m/fpu/crtbegin.o

.ARM.extab
 *(.ARM.extab* .gnu.linkonce.armextab.*)

.ARM            0x080072b8        0x0
                0x080072b8                __exidx_start = .
 *(.ARM.exidx*)
                0x080072b8                __exidx_end = .

.preinit_array  0x080072b8        0x0
                0x080072b8                PROVIDE (__preinit_array_start, .)
 *(.preinit_array*)
                0x080072b8                PROVIDE (__preinit_array_end, .)

.init_array     0x080072b8        0x4
                0x080072b8                PROVIDE (__init_array_start, .)
 *(SORT(.init_array.*))
 *(.init_array*)
 .init_array    0x080072b8        0x4 /usr/local/gcc-arm-none-eabi-5_4-2016q2/bin/../lib/gcc/arm-none-eabi/5.4.1/armv7e-m/fpu/crtbegin.o
                0x080072bc                PROVIDE (__init_array_end, .)

.fini_array     0x080072bc        0x4
                [!provide]                PROVIDE (__fini_array_start, .)
 *(SORT(.fini_array.*))
 *(.fini_array*)
 .fini_array    0x080072bc        0x4 /usr/local/gcc-arm-none-eabi-5_4-2016q2/bin/../lib/gcc/arm-none-eabi/5.4.1/armv7e-m/fpu/crtbegin.o
                [!provide]                PROVIDE (__fini_array_end, .)
                0x080072c0                _sidata = LOADADDR (.data)

.data           0x20000000      0x1cc load address 0x080072c0
                0x20000000                . = ALIGN (0x4)
                0x20000000                _sdata = .
 *(.data)
 *(.data*)
 .data.USBD_CDC_DeviceQualifierDesc
                0x20000000        0xa build/usbd_cdc.o
 *fill*         0x2000000a        0x2 
 .data.USBD_CDC
                0x2000000c       0x38 build/usbd_cdc.o
                0x2000000c                USBD_CDC
 .data.USBD_CDC_CfgHSDesc
                0x20000044       0x43 build/usbd_cdc.o
                0x20000044                USBD_CDC_CfgHSDesc
 *fill*         0x20000087        0x1 
 .data.USBD_CDC_CfgFSDesc
                0x20000088       0x43 build/usbd_cdc.o
                0x20000088                USBD_CDC_CfgFSDesc
 *fill*         0x200000cb        0x1 
 .data.USBD_CDC_OtherSpeedCfgDesc
                0x200000cc       0x43 build/usbd_cdc.o
                0x200000cc                USBD_CDC_OtherSpeedCfgDesc
 *fill*         0x2000010f        0x1 
 .data.HS_Desc  0x20000110       0x20 build/usbd_desc.o
                0x20000110                HS_Desc
 .data.USBD_HS_DeviceDesc
                0x20000130       0x12 build/usbd_desc.o
                0x20000130                USBD_HS_DeviceDesc
 *fill*         0x20000142        0x2 
 .data.USBD_HS_BOSDesc
                0x20000144        0xc build/usbd_desc.o
                0x20000144                USBD_HS_BOSDesc
 .data.USBD_LangIDDesc
                0x20000150        0x4 build/usbd_desc.o
                0x20000150                USBD_LangIDDesc
 .data.USBD_Interface_fops_HS
                0x20000154       0x10 build/usbd_cdc_if.o
                0x20000154                USBD_Interface_fops_HS
 .data.SystemCoreClock
                0x20000164        0x4 build/system_stm32f4xx.o
                0x20000164                SystemCoreClock
 .data.impure_data
                0x20000168       0x60 /usr/local/gcc-arm-none-eabi-5_4-2016q2/bin/../lib/gcc/arm-none-eabi/5.4.1/../../../../arm-none-eabi/lib/armv7e-m/fpu/libc_nano.a(lib_a-impure.o)
 .data._impure_ptr
                0x200001c8        0x4 /usr/local/gcc-arm-none-eabi-5_4-2016q2/bin/../lib/gcc/arm-none-eabi/5.4.1/../../../../arm-none-eabi/lib/armv7e-m/fpu/libc_nano.a(lib_a-impure.o)
                0x200001c8                _impure_ptr
                0x200001cc                . = ALIGN (0x4)
                0x200001cc                _edata = .

.jcr            0x200001cc        0x0 load address 0x0800748c
 .jcr           0x200001cc        0x0 /usr/local/gcc-arm-none-eabi-5_4-2016q2/bin/../lib/gcc/arm-none-eabi/5.4.1/armv7e-m/fpu/crtbegin.o

.igot.plt       0x200001cc        0x0 load address 0x0800748c
 .igot.plt      0x200001cc        0x0 /usr/local/gcc-arm-none-eabi-5_4-2016q2/bin/../lib/gcc/arm-none-eabi/5.4.1/armv7e-m/fpu/crtbegin.o
                0x200001cc                . = ALIGN (0x4)

.bss            0x200001cc      0x940 load address 0x0800748c
                0x200001cc                _sbss = .
                0x200001cc                __bss_start__ = _sbss
 *(.bss)
 .bss           0x200001cc       0x1c /usr/local/gcc-arm-none-eabi-5_4-2016q2/bin/../lib/gcc/arm-none-eabi/5.4.1/armv7e-m/fpu/crtbegin.o
 *(.bss*)
 .bss.ifalt.8190
                0x200001e8        0x1 build/usbd_cdc.o
 .bss.cfgidx.8196
                0x200001e9        0x1 build/usbd_ctlreq.o
 *fill*         0x200001ea        0x2 
 .bss.__malloc_sbrk_start
                0x200001ec        0x4 /usr/local/gcc-arm-none-eabi-5_4-2016q2/bin/../lib/gcc/arm-none-eabi/5.4.1/../../../../arm-none-eabi/lib/armv7e-m/fpu/libc_nano.a(lib_a-nano-mallocr.o)
                0x200001ec                __malloc_sbrk_start
 .bss.__malloc_free_list
                0x200001f0        0x4 /usr/local/gcc-arm-none-eabi-5_4-2016q2/bin/../lib/gcc/arm-none-eabi/5.4.1/../../../../arm-none-eabi/lib/armv7e-m/fpu/libc_nano.a(lib_a-nano-mallocr.o)
                0x200001f0                __malloc_free_list
 .bss.heap_end.4169
                0x200001f4        0x4 /usr/local/gcc-arm-none-eabi-5_4-2016q2/bin/../lib/gcc/arm-none-eabi/5.4.1/../../../../arm-none-eabi/lib/armv7e-m/fpu/libnosys.a(sbrk.o)
 *(COMMON)
 COMMON         0x200001f8      0x200 build/usbd_desc.o
                0x200001f8                USBD_StrDesc
 COMMON         0x200003f8        0x8 build/usbd_cdc_if.o
                0x200003f8                UserRxBufferHS
                0x200003fc                UserTxBufferHS
 COMMON         0x20000400       0x80 build/usart.o
                0x20000400                huart3
                0x20000440                huart4
 COMMON         0x20000480       0x54 build/i2c.o
                0x20000480                hi2c1
 COMMON         0x200004d4      0x3c4 build/usbd_conf.o
                0x200004d4                hpcd_USB_OTG_HS
 COMMON         0x20000898       0x48 build/adc.o
                0x20000898                hadc1
 COMMON         0x200008e0      0x224 build/usb_device.o
                0x200008e0                hUsbDeviceHS
 COMMON         0x20000b04        0x4 build/stm32f4xx_hal.o
                0x20000b04                uwTick
 COMMON         0x20000b08        0x4 /usr/local/gcc-arm-none-eabi-5_4-2016q2/bin/../lib/gcc/arm-none-eabi/5.4.1/../../../../arm-none-eabi/lib/armv7e-m/fpu/libc_nano.a(lib_a-reent.o)
                0x20000b08                errno
                0x20000b0c                . = ALIGN (0x4)
                0x20000b0c                _ebss = .
                0x20000b0c                __bss_end__ = _ebss

._user_heap_stack
                0x20000b0c      0x604 load address 0x0800748c
                0x20000b10                . = ALIGN (0x8)
 *fill*         0x20000b0c        0x4 
                0x20000b10                PROVIDE (end, .)
                [!provide]                PROVIDE (_end, .)
                0x20000d10                . = (. + _Min_Heap_Size)
 *fill*         0x20000b10      0x200 
                0x20001110                . = (. + _Min_Stack_Size)
 *fill*         0x20000d10      0x400 
                0x20001110                . = ALIGN (0x8)

/DISCARD/
 libc.a(*)
 libm.a(*)
 libgcc.a(*)

.ARM.attributes
                0x00000000       0x30
 *(.ARM.attributes)
 .ARM.attributes
                0x00000000       0x22 /usr/local/gcc-arm-none-eabi-5_4-2016q2/bin/../lib/gcc/arm-none-eabi/5.4.1/armv7e-m/fpu/crti.o
 .ARM.attributes
                0x00000022       0x34 /usr/local/gcc-arm-none-eabi-5_4-2016q2/bin/../lib/gcc/arm-none-eabi/5.4.1/armv7e-m/fpu/crtbegin.o
 .ARM.attributes
                0x00000056       0x39 build/usbd_cdc.o
 .ARM.attributes
                0x0000008f       0x39 build/usbd_ioreq.o
 .ARM.attributes
                0x000000c8       0x39 build/usbd_core.o
 .ARM.attributes
                0x00000101       0x39 build/usbd_ctlreq.o
 .ARM.attributes
                0x0000013a       0x39 build/usbd_desc.o
 .ARM.attributes
                0x00000173       0x39 build/usbd_cdc_if.o
 .ARM.attributes
                0x000001ac       0x39 build/usart.o
 .ARM.attributes
                0x000001e5       0x39 build/stm32f4xx_hal_msp.o
 .ARM.attributes
                0x0000021e       0x39 build/i2c.o
 .ARM.attributes
                0x00000257       0x39 build/stm32f4xx_it.o
 .ARM.attributes
                0x00000290       0x39 build/usbd_conf.o
 .ARM.attributes
                0x000002c9       0x39 build/adc.o
 .ARM.attributes
                0x00000302       0x39 build/gpio.o
 .ARM.attributes
                0x0000033b       0x39 build/main.o
 .ARM.attributes
                0x00000374       0x39 build/usb_device.o
 .ARM.attributes
                0x000003ad       0x39 build/stm32f4xx_hal_pcd.o
 .ARM.attributes
                0x000003e6       0x39 build/stm32f4xx_hal_uart.o
 .ARM.attributes
                0x0000041f       0x39 build/stm32f4xx_hal_i2c.o
 .ARM.attributes
                0x00000458       0x39 build/stm32f4xx_ll_usb.o
 .ARM.attributes
                0x00000491       0x39 build/stm32f4xx_hal_gpio.o
 .ARM.attributes
                0x000004ca       0x39 build/stm32f4xx_hal_rcc_ex.o
 .ARM.attributes
                0x00000503       0x39 build/stm32f4xx_hal.o
 .ARM.attributes
                0x0000053c       0x39 build/stm32f4xx_hal_rcc.o
 .ARM.attributes
                0x00000575       0x39 build/stm32f4xx_hal_cortex.o
 .ARM.attributes
                0x000005ae       0x39 build/stm32f4xx_hal_adc.o
 .ARM.attributes
                0x000005e7       0x39 build/stm32f4xx_hal_pcd_ex.o
 .ARM.attributes
                0x00000620       0x39 build/system_stm32f4xx.o
 .ARM.attributes
                0x00000659       0x21 build/startup_stm32f446xx.o
 .ARM.attributes
                0x0000067a       0x34 /usr/local/gcc-arm-none-eabi-5_4-2016q2/bin/../lib/gcc/arm-none-eabi/5.4.1/../../../../arm-none-eabi/lib/armv7e-m/fpu/libc_nano.a(lib_a-impure.o)
 .ARM.attributes
                0x000006ae       0x34 /usr/local/gcc-arm-none-eabi-5_4-2016q2/bin/../lib/gcc/arm-none-eabi/5.4.1/../../../../arm-none-eabi/lib/armv7e-m/fpu/libc_nano.a(lib_a-init.o)
 .ARM.attributes
                0x000006e2       0x34 /usr/local/gcc-arm-none-eabi-5_4-2016q2/bin/../lib/gcc/arm-none-eabi/5.4.1/../../../../arm-none-eabi/lib/armv7e-m/fpu/libc_nano.a(lib_a-malloc.o)
 .ARM.attributes
                0x00000716       0x34 /usr/local/gcc-arm-none-eabi-5_4-2016q2/bin/../lib/gcc/arm-none-eabi/5.4.1/../../../../arm-none-eabi/lib/armv7e-m/fpu/libc_nano.a(lib_a-nano-freer.o)
 .ARM.attributes
                0x0000074a       0x34 /usr/local/gcc-arm-none-eabi-5_4-2016q2/bin/../lib/gcc/arm-none-eabi/5.4.1/../../../../arm-none-eabi/lib/armv7e-m/fpu/libc_nano.a(lib_a-nano-mallocr.o)
 .ARM.attributes
                0x0000077e       0x34 /usr/local/gcc-arm-none-eabi-5_4-2016q2/bin/../lib/gcc/arm-none-eabi/5.4.1/../../../../arm-none-eabi/lib/armv7e-m/fpu/libc_nano.a(lib_a-sbrkr.o)
 .ARM.attributes
                0x000007b2       0x34 /usr/local/gcc-arm-none-eabi-5_4-2016q2/bin/../lib/gcc/arm-none-eabi/5.4.1/../../../../arm-none-eabi/lib/armv7e-m/fpu/libc_nano.a(lib_a-mlock.o)
 .ARM.attributes
                0x000007e6       0x34 /usr/local/gcc-arm-none-eabi-5_4-2016q2/bin/../lib/gcc/arm-none-eabi/5.4.1/../../../../arm-none-eabi/lib/armv7e-m/fpu/libc_nano.a(lib_a-reent.o)
 .ARM.attributes
                0x0000081a       0x34 /usr/local/gcc-arm-none-eabi-5_4-2016q2/bin/../lib/gcc/arm-none-eabi/5.4.1/../../../../arm-none-eabi/lib/armv7e-m/fpu/libnosys.a(sbrk.o)
 .ARM.attributes
                0x0000084e       0x22 /usr/local/gcc-arm-none-eabi-5_4-2016q2/bin/../lib/gcc/arm-none-eabi/5.4.1/armv7e-m/fpu/crtn.o
OUTPUT(build/SunLeaf-STM32-SW4STM32.elf elf32-littlearm)

.debug_info     0x00000000    0x139aa
 .debug_info    0x00000000      0xb31 build/usbd_cdc.o
 .debug_info    0x00000b31      0x706 build/usbd_ioreq.o
 .debug_info    0x00001237      0x9e6 build/usbd_core.o
 .debug_info    0x00001c1d      0x921 build/usbd_ctlreq.o
 .debug_info    0x0000253e      0x42a build/usbd_desc.o
 .debug_info    0x00002968      0x80b build/usbd_cdc_if.o
 .debug_info    0x00003173      0x9ed build/usart.o
 .debug_info    0x00003b60      0x314 build/stm32f4xx_hal_msp.o
 .debug_info    0x00003e74      0xa56 build/i2c.o
 .debug_info    0x000048ca      0x6b8 build/stm32f4xx_it.o
 .debug_info    0x00004f82     0x1855 build/usbd_conf.o
 .debug_info    0x000067d7      0xa44 build/adc.o
 .debug_info    0x0000721b      0x372 build/gpio.o
 .debug_info    0x0000758d      0x927 build/main.o
 .debug_info    0x00007eb4      0x61f build/usb_device.o
 .debug_info    0x000084d3     0x1100 build/stm32f4xx_hal_pcd.o
 .debug_info    0x000095d3     0x105b build/stm32f4xx_hal_uart.o
 .debug_info    0x0000a62e     0x2224 build/stm32f4xx_hal_i2c.o
 .debug_info    0x0000c852     0x1637 build/stm32f4xx_ll_usb.o
 .debug_info    0x0000de89      0x810 build/stm32f4xx_hal_gpio.o
 .debug_info    0x0000e699     0x13da build/stm32f4xx_hal_rcc_ex.o
 .debug_info    0x0000fa73      0x976 build/stm32f4xx_hal.o
 .debug_info    0x000103e9      0xc5b build/stm32f4xx_hal_rcc.o
 .debug_info    0x00011044      0xe3e build/stm32f4xx_hal_cortex.o
 .debug_info    0x00011e82      0xd82 build/stm32f4xx_hal_adc.o
 .debug_info    0x00012c04      0x793 build/stm32f4xx_hal_pcd_ex.o
 .debug_info    0x00013397      0x585 build/system_stm32f4xx.o
 .debug_info    0x0001391c       0x8e build/startup_stm32f446xx.o

.debug_abbrev   0x00000000     0x2d8b
 .debug_abbrev  0x00000000      0x1d5 build/usbd_cdc.o
 .debug_abbrev  0x000001d5      0x120 build/usbd_ioreq.o
 .debug_abbrev  0x000002f5      0x1b0 build/usbd_core.o
 .debug_abbrev  0x000004a5      0x1e0 build/usbd_ctlreq.o
 .debug_abbrev  0x00000685      0x15a build/usbd_desc.o
 .debug_abbrev  0x000007df      0x1da build/usbd_cdc_if.o
 .debug_abbrev  0x000009b9      0x182 build/usart.o
 .debug_abbrev  0x00000b3b       0x8a build/stm32f4xx_hal_msp.o
 .debug_abbrev  0x00000bc5      0x177 build/i2c.o
 .debug_abbrev  0x00000d3c      0x13c build/stm32f4xx_it.o
 .debug_abbrev  0x00000e78      0x219 build/usbd_conf.o
 .debug_abbrev  0x00001091      0x15f build/adc.o
 .debug_abbrev  0x000011f0       0xd8 build/gpio.o
 .debug_abbrev  0x000012c8      0x156 build/main.o
 .debug_abbrev  0x0000141e      0x129 build/usb_device.o
 .debug_abbrev  0x00001547      0x21e build/stm32f4xx_hal_pcd.o
 .debug_abbrev  0x00001765      0x226 build/stm32f4xx_hal_uart.o
 .debug_abbrev  0x0000198b      0x1ff build/stm32f4xx_hal_i2c.o
 .debug_abbrev  0x00001b8a      0x208 build/stm32f4xx_ll_usb.o
 .debug_abbrev  0x00001d92      0x1ae build/stm32f4xx_hal_gpio.o
 .debug_abbrev  0x00001f40      0x236 build/stm32f4xx_hal_rcc_ex.o
 .debug_abbrev  0x00002176      0x20e build/stm32f4xx_hal.o
 .debug_abbrev  0x00002384      0x2b2 build/stm32f4xx_hal_rcc.o
 .debug_abbrev  0x00002636      0x2ad build/stm32f4xx_hal_cortex.o
 .debug_abbrev  0x000028e3      0x226 build/stm32f4xx_hal_adc.o
 .debug_abbrev  0x00002b09      0x16d build/stm32f4xx_hal_pcd_ex.o
 .debug_abbrev  0x00002c76      0x103 build/system_stm32f4xx.o
 .debug_abbrev  0x00002d79       0x12 build/startup_stm32f446xx.o

.debug_loc      0x00000000     0x8ba7
 .debug_loc     0x00000000      0x510 build/usbd_cdc.o
 .debug_loc     0x00000510      0x230 build/usbd_ioreq.o
 .debug_loc     0x00000740      0x6a0 build/usbd_core.o
 .debug_loc     0x00000de0      0x478 build/usbd_ctlreq.o
 .debug_loc     0x00001258      0x2a4 build/usbd_desc.o
 .debug_loc     0x000014fc      0x16c build/usbd_cdc_if.o
 .debug_loc     0x00001668       0xf8 build/usart.o
 .debug_loc     0x00001760       0x2c build/stm32f4xx_hal_msp.o
 .debug_loc     0x0000178c       0xcc build/i2c.o
 .debug_loc     0x00001858      0x218 build/stm32f4xx_it.o
 .debug_loc     0x00001a70      0x91c build/usbd_conf.o
 .debug_loc     0x0000238c       0xf0 build/adc.o
 .debug_loc     0x0000247c       0x5c build/gpio.o
 .debug_loc     0x000024d8       0xaa build/main.o
 .debug_loc     0x00002582       0x2c build/usb_device.o
 .debug_loc     0x000025ae      0xb1d build/stm32f4xx_hal_pcd.o
 .debug_loc     0x000030cb      0xe1c build/stm32f4xx_hal_uart.o
 .debug_loc     0x00003ee7     0x18ae build/stm32f4xx_hal_i2c.o
 .debug_loc     0x00005795     0x1014 build/stm32f4xx_ll_usb.o
 .debug_loc     0x000067a9      0x2d4 build/stm32f4xx_hal_gpio.o
 .debug_loc     0x00006a7d      0x2b8 build/stm32f4xx_hal_rcc_ex.o
 .debug_loc     0x00006d35      0x5ac build/stm32f4xx_hal.o
 .debug_loc     0x000072e1      0x426 build/stm32f4xx_hal_rcc.o
 .debug_loc     0x00007707      0x954 build/stm32f4xx_hal_cortex.o
 .debug_loc     0x0000805b      0x8e0 build/stm32f4xx_hal_adc.o
 .debug_loc     0x0000893b      0x1cc build/stm32f4xx_hal_pcd_ex.o
 .debug_loc     0x00008b07       0xa0 build/system_stm32f4xx.o

.debug_aranges  0x00000000     0x1030
 .debug_aranges
                0x00000000       0x90 build/usbd_cdc.o
 .debug_aranges
                0x00000090       0x50 build/usbd_ioreq.o
 .debug_aranges
                0x000000e0       0xb8 build/usbd_core.o
 .debug_aranges
                0x00000198       0x88 build/usbd_ctlreq.o
 .debug_aranges
                0x00000220       0x58 build/usbd_desc.o
 .debug_aranges
                0x00000278       0x40 build/usbd_cdc_if.o
 .debug_aranges
                0x000002b8       0x38 build/usart.o
 .debug_aranges
                0x000002f0       0x20 build/stm32f4xx_hal_msp.o
 .debug_aranges
                0x00000310       0x30 build/i2c.o
 .debug_aranges
                0x00000340       0x68 build/stm32f4xx_it.o
 .debug_aranges
                0x000003a8      0x100 build/usbd_conf.o
 .debug_aranges
                0x000004a8       0x30 build/adc.o
 .debug_aranges
                0x000004d8       0x20 build/gpio.o
 .debug_aranges
                0x000004f8       0x30 build/main.o
 .debug_aranges
                0x00000528       0x20 build/usb_device.o
 .debug_aranges
                0x00000548      0x120 build/stm32f4xx_hal_pcd.o
 .debug_aranges
                0x00000668      0x168 build/stm32f4xx_hal_uart.o
 .debug_aranges
                0x000007d0      0x268 build/stm32f4xx_hal_i2c.o
 .debug_aranges
                0x00000a38      0x180 build/stm32f4xx_ll_usb.o
 .debug_aranges
                0x00000bb8       0x58 build/stm32f4xx_hal_gpio.o
 .debug_aranges
                0x00000c10       0x58 build/stm32f4xx_hal_rcc_ex.o
 .debug_aranges
                0x00000c68       0xc0 build/stm32f4xx_hal.o
 .debug_aranges
                0x00000d28       0x88 build/stm32f4xx_hal_rcc.o
 .debug_aranges
                0x00000db0      0x108 build/stm32f4xx_hal_cortex.o
 .debug_aranges
                0x00000eb8       0xe8 build/stm32f4xx_hal_adc.o
 .debug_aranges
                0x00000fa0       0x40 build/stm32f4xx_hal_pcd_ex.o
 .debug_aranges
                0x00000fe0       0x28 build/system_stm32f4xx.o
 .debug_aranges
                0x00001008       0x28 build/startup_stm32f446xx.o

.debug_ranges   0x00000000      0xe78
 .debug_ranges  0x00000000       0x80 build/usbd_cdc.o
 .debug_ranges  0x00000080       0x40 build/usbd_ioreq.o
 .debug_ranges  0x000000c0       0xa8 build/usbd_core.o
 .debug_ranges  0x00000168       0x78 build/usbd_ctlreq.o
 .debug_ranges  0x000001e0       0x48 build/usbd_desc.o
 .debug_ranges  0x00000228       0x30 build/usbd_cdc_if.o
 .debug_ranges  0x00000258       0x28 build/usart.o
 .debug_ranges  0x00000280       0x10 build/stm32f4xx_hal_msp.o
 .debug_ranges  0x00000290       0x20 build/i2c.o
 .debug_ranges  0x000002b0       0x58 build/stm32f4xx_it.o
 .debug_ranges  0x00000308       0xf0 build/usbd_conf.o
 .debug_ranges  0x000003f8       0x20 build/adc.o
 .debug_ranges  0x00000418       0x10 build/gpio.o
 .debug_ranges  0x00000428       0x20 build/main.o
 .debug_ranges  0x00000448       0x10 build/usb_device.o
 .debug_ranges  0x00000458      0x110 build/stm32f4xx_hal_pcd.o
 .debug_ranges  0x00000568      0x158 build/stm32f4xx_hal_uart.o
 .debug_ranges  0x000006c0      0x258 build/stm32f4xx_hal_i2c.o
 .debug_ranges  0x00000918      0x170 build/stm32f4xx_ll_usb.o
 .debug_ranges  0x00000a88       0x48 build/stm32f4xx_hal_gpio.o
 .debug_ranges  0x00000ad0       0x48 build/stm32f4xx_hal_rcc_ex.o
 .debug_ranges  0x00000b18       0xb0 build/stm32f4xx_hal.o
 .debug_ranges  0x00000bc8       0x78 build/stm32f4xx_hal_rcc.o
 .debug_ranges  0x00000c40       0xf8 build/stm32f4xx_hal_cortex.o
 .debug_ranges  0x00000d38       0xd8 build/stm32f4xx_hal_adc.o
 .debug_ranges  0x00000e10       0x30 build/stm32f4xx_hal_pcd_ex.o
 .debug_ranges  0x00000e40       0x18 build/system_stm32f4xx.o
 .debug_ranges  0x00000e58       0x20 build/startup_stm32f446xx.o

.debug_line     0x00000000     0x7180
 .debug_line    0x00000000      0x332 build/usbd_cdc.o
 .debug_line    0x00000332      0x1f6 build/usbd_ioreq.o
 .debug_line    0x00000528      0x35b build/usbd_core.o
 .debug_line    0x00000883      0x3b8 build/usbd_ctlreq.o
 .debug_line    0x00000c3b      0x1dc build/usbd_desc.o
 .debug_line    0x00000e17      0x1ec build/usbd_cdc_if.o
 .debug_line    0x00001003      0x22a build/usart.o
 .debug_line    0x0000122d      0x158 build/stm32f4xx_hal_msp.o
 .debug_line    0x00001385      0x1fa build/i2c.o
 .debug_line    0x0000157f      0x25c build/stm32f4xx_it.o
 .debug_line    0x000017db      0x478 build/usbd_conf.o
 .debug_line    0x00001c53      0x20c build/adc.o
 .debug_line    0x00001e5f      0x148 build/gpio.o
 .debug_line    0x00001fa7      0x1fe build/main.o
 .debug_line    0x000021a5      0x1b9 build/usb_device.o
 .debug_line    0x0000235e      0x74a build/stm32f4xx_hal_pcd.o
 .debug_line    0x00002aa8      0x94e build/stm32f4xx_hal_uart.o
 .debug_line    0x000033f6     0x11f6 build/stm32f4xx_hal_i2c.o
 .debug_line    0x000045ec      0x819 build/stm32f4xx_ll_usb.o
 .debug_line    0x00004e05      0x38e build/stm32f4xx_hal_gpio.o
 .debug_line    0x00005193      0x7fd build/stm32f4xx_hal_rcc_ex.o
 .debug_line    0x00005990      0x374 build/stm32f4xx_hal.o
 .debug_line    0x00005d04      0x50d build/stm32f4xx_hal_rcc.o
 .debug_line    0x00006211      0x491 build/stm32f4xx_hal_cortex.o
 .debug_line    0x000066a2      0x61a build/stm32f4xx_hal_adc.o
 .debug_line    0x00006cbc      0x26c build/stm32f4xx_hal_pcd_ex.o
 .debug_line    0x00006f28      0x1ad build/system_stm32f4xx.o
 .debug_line    0x000070d5       0xab build/startup_stm32f446xx.o

.debug_str      0x00000000     0x48a8
 .debug_str     0x00000000      0x724 build/usbd_cdc.o
                                0x839 (size before relaxing)
 .debug_str     0x00000724       0xe6 build/usbd_ioreq.o
                                0x660 (size before relaxing)
 .debug_str     0x0000080a      0x1b2 build/usbd_core.o
                                0x752 (size before relaxing)
 .debug_str     0x000009bc      0x12c build/usbd_ctlreq.o
                                0x6d8 (size before relaxing)
 .debug_str     0x00000ae8      0x13d build/usbd_desc.o
                                0x419 (size before relaxing)
 .debug_str     0x00000c25       0xa3 build/usbd_cdc_if.o
                                0x6cf (size before relaxing)
 .debug_str     0x00000cc8      0x5b8 build/usart.o
                                0x7d2 (size before relaxing)
 .debug_str     0x00001280      0x539 build/stm32f4xx_hal_msp.o
                                0x6f7 (size before relaxing)
 .debug_str     0x000017b9      0x2a0 build/i2c.o
                                0x899 (size before relaxing)
 .debug_str     0x00001a59      0x3e5 build/stm32f4xx_it.o
                                0x617 (size before relaxing)
 .debug_str     0x00001e3e      0x326 build/usbd_conf.o
                               0x133c (size before relaxing)
 .debug_str     0x00002164      0x1d4 build/adc.o
                                0x7b1 (size before relaxing)
 .debug_str     0x00002338       0x18 build/gpio.o
                                0x2e4 (size before relaxing)
 .debug_str     0x00002350      0x302 build/main.o
                                0xb35 (size before relaxing)
 .debug_str     0x00002652       0x24 build/usb_device.o
                                0x5f4 (size before relaxing)
 .debug_str     0x00002676      0x390 build/stm32f4xx_hal_pcd.o
                                0xa99 (size before relaxing)
 .debug_str     0x00002a06      0x3e1 build/stm32f4xx_hal_uart.o
                                0xa3e (size before relaxing)
 .debug_str     0x00002de7      0x794 build/stm32f4xx_hal_i2c.o
                                0xefc (size before relaxing)
 .debug_str     0x0000357b      0x59d build/stm32f4xx_ll_usb.o
                                0xbd4 (size before relaxing)
 .debug_str     0x00003b18      0x16c build/stm32f4xx_hal_gpio.o
                                0x51a (size before relaxing)
 .debug_str     0x00003c84      0x1a2 build/stm32f4xx_hal_rcc_ex.o
                                0x74e (size before relaxing)
 .debug_str     0x00003e26      0x235 build/stm32f4xx_hal.o
                                0xab5 (size before relaxing)
 .debug_str     0x0000405b      0x13d build/stm32f4xx_hal_rcc.o
                                0x6d3 (size before relaxing)
 .debug_str     0x00004198      0x381 build/stm32f4xx_hal_cortex.o
                                0xc29 (size before relaxing)
 .debug_str     0x00004519      0x281 build/stm32f4xx_hal_adc.o
                                0x910 (size before relaxing)
 .debug_str     0x0000479a       0x9d build/stm32f4xx_hal_pcd_ex.o
                                0x693 (size before relaxing)
 .debug_str     0x00004837       0x71 build/system_stm32f4xx.o
                                0x3cb (size before relaxing)

.comment        0x00000000       0x6e
 .comment       0x00000000       0x6e build/usbd_cdc.o
                                 0x6f (size before relaxing)
 .comment       0x0000006e       0x6f build/usbd_ioreq.o
 .comment       0x0000006e       0x6f build/usbd_core.o
 .comment       0x0000006e       0x6f build/usbd_ctlreq.o
 .comment       0x0000006e       0x6f build/usbd_desc.o
 .comment       0x0000006e       0x6f build/usbd_cdc_if.o
 .comment       0x0000006e       0x6f build/usart.o
 .comment       0x0000006e       0x6f build/stm32f4xx_hal_msp.o
 .comment       0x0000006e       0x6f build/i2c.o
 .comment       0x0000006e       0x6f build/stm32f4xx_it.o
 .comment       0x0000006e       0x6f build/usbd_conf.o
 .comment       0x0000006e       0x6f build/adc.o
 .comment       0x0000006e       0x6f build/gpio.o
 .comment       0x0000006e       0x6f build/main.o
 .comment       0x0000006e       0x6f build/usb_device.o
 .comment       0x0000006e       0x6f build/stm32f4xx_hal_pcd.o
 .comment       0x0000006e       0x6f build/stm32f4xx_hal_uart.o
 .comment       0x0000006e       0x6f build/stm32f4xx_hal_i2c.o
 .comment       0x0000006e       0x6f build/stm32f4xx_ll_usb.o
 .comment       0x0000006e       0x6f build/stm32f4xx_hal_gpio.o
 .comment       0x0000006e       0x6f build/stm32f4xx_hal_rcc_ex.o
 .comment       0x0000006e       0x6f build/stm32f4xx_hal.o
 .comment       0x0000006e       0x6f build/stm32f4xx_hal_rcc.o
 .comment       0x0000006e       0x6f build/stm32f4xx_hal_cortex.o
 .comment       0x0000006e       0x6f build/stm32f4xx_hal_adc.o
 .comment       0x0000006e       0x6f build/stm32f4xx_hal_pcd_ex.o
 .comment       0x0000006e       0x6f build/system_stm32f4xx.o

.debug_frame    0x00000000     0x45ac
 .debug_frame   0x00000000      0x268 build/usbd_cdc.o
 .debug_frame   0x00000268      0x128 build/usbd_ioreq.o
 .debug_frame   0x00000390      0x330 build/usbd_core.o
 .debug_frame   0x000006c0      0x240 build/usbd_ctlreq.o
 .debug_frame   0x00000900      0x150 build/usbd_desc.o
 .debug_frame   0x00000a50       0xc8 build/usbd_cdc_if.o
 .debug_frame   0x00000b18       0x98 build/usart.o
 .debug_frame   0x00000bb0       0x2c build/stm32f4xx_hal_msp.o
 .debug_frame   0x00000bdc       0x7c build/i2c.o
 .debug_frame   0x00000c58      0x148 build/stm32f4xx_it.o
 .debug_frame   0x00000da0      0x498 build/usbd_conf.o
 .debug_frame   0x00001238       0x88 build/adc.o
 .debug_frame   0x000012c0       0x38 build/gpio.o
 .debug_frame   0x000012f8       0x70 build/main.o
 .debug_frame   0x00001368       0x2c build/usb_device.o
 .debug_frame   0x00001394      0x544 build/stm32f4xx_hal_pcd.o
 .debug_frame   0x000018d8      0x6a8 build/stm32f4xx_hal_uart.o
 .debug_frame   0x00001f80      0xba4 build/stm32f4xx_hal_i2c.o
 .debug_frame   0x00002b24      0x740 build/stm32f4xx_ll_usb.o
 .debug_frame   0x00003264      0x154 build/stm32f4xx_hal_gpio.o
 .debug_frame   0x000033b8      0x154 build/stm32f4xx_hal_rcc_ex.o
 .debug_frame   0x0000350c      0x304 build/stm32f4xx_hal.o
 .debug_frame   0x00003810      0x220 build/stm32f4xx_hal_rcc.o
 .debug_frame   0x00003a30      0x488 build/stm32f4xx_hal_cortex.o
 .debug_frame   0x00003eb8      0x428 build/stm32f4xx_hal_adc.o
 .debug_frame   0x000042e0       0xd8 build/stm32f4xx_hal_pcd_ex.o
 .debug_frame   0x000043b8       0x5c build/system_stm32f4xx.o
 .debug_frame   0x00004414       0x2c /usr/local/gcc-arm-none-eabi-5_4-2016q2/bin/../lib/gcc/arm-none-eabi/5.4.1/../../../../arm-none-eabi/lib/armv7e-m/fpu/libc_nano.a(lib_a-init.o)
 .debug_frame   0x00004440       0x30 /usr/local/gcc-arm-none-eabi-5_4-2016q2/bin/../lib/gcc/arm-none-eabi/5.4.1/../../../../arm-none-eabi/lib/armv7e-m/fpu/libc_nano.a(lib_a-malloc.o)
 .debug_frame   0x00004470       0x38 /usr/local/gcc-arm-none-eabi-5_4-2016q2/bin/../lib/gcc/arm-none-eabi/5.4.1/../../../../arm-none-eabi/lib/armv7e-m/fpu/libc_nano.a(lib_a-nano-freer.o)
 .debug_frame   0x000044a8       0x2c /usr/local/gcc-arm-none-eabi-5_4-2016q2/bin/../lib/gcc/arm-none-eabi/5.4.1/../../../../arm-none-eabi/lib/armv7e-m/fpu/libc_nano.a(lib_a-nano-mallocr.o)
 .debug_frame   0x000044d4       0x2c /usr/local/gcc-arm-none-eabi-5_4-2016q2/bin/../lib/gcc/arm-none-eabi/5.4.1/../../../../arm-none-eabi/lib/armv7e-m/fpu/libc_nano.a(lib_a-sbrkr.o)
 .debug_frame   0x00004500       0x30 /usr/local/gcc-arm-none-eabi-5_4-2016q2/bin/../lib/gcc/arm-none-eabi/5.4.1/../../../../arm-none-eabi/lib/armv7e-m/fpu/libc_nano.a(lib_a-mlock.o)
 .debug_frame   0x00004530       0x5c /usr/local/gcc-arm-none-eabi-5_4-2016q2/bin/../lib/gcc/arm-none-eabi/5.4.1/../../../../arm-none-eabi/lib/armv7e-m/fpu/libc_nano.a(lib_a-reent.o)
 .debug_frame   0x0000458c       0x20 /usr/local/gcc-arm-none-eabi-5_4-2016q2/bin/../lib/gcc/arm-none-eabi/5.4.1/../../../../arm-none-eabi/lib/armv7e-m/fpu/libnosys.a(sbrk.o)

Cross Reference Table

Symbol                                            File
ADC_IRQHandler                                    build/startup_stm32f446xx.o
AHBPrescTable                                     build/system_stm32f4xx.o
APBAHBPrescTable                                  build/stm32f4xx_hal_rcc.o
BusFault_Handler                                  build/stm32f4xx_it.o
CAN1_RX0_IRQHandler                               build/startup_stm32f446xx.o
CAN1_RX1_IRQHandler                               build/startup_stm32f446xx.o
CAN1_SCE_IRQHandler                               build/startup_stm32f446xx.o
CAN1_TX_IRQHandler                                build/startup_stm32f446xx.o
CAN2_RX0_IRQHandler                               build/startup_stm32f446xx.o
CAN2_RX1_IRQHandler                               build/startup_stm32f446xx.o
CAN2_SCE_IRQHandler                               build/startup_stm32f446xx.o
CAN2_TX_IRQHandler                                build/startup_stm32f446xx.o
CDC_Transmit_HS                                   build/usbd_cdc_if.o
CEC_IRQHandler                                    build/startup_stm32f446xx.o
DCMI_IRQHandler                                   build/startup_stm32f446xx.o
DMA1_Stream0_IRQHandler                           build/startup_stm32f446xx.o
DMA1_Stream1_IRQHandler                           build/startup_stm32f446xx.o
DMA1_Stream2_IRQHandler                           build/startup_stm32f446xx.o
DMA1_Stream3_IRQHandler                           build/startup_stm32f446xx.o
DMA1_Stream4_IRQHandler                           build/startup_stm32f446xx.o
DMA1_Stream5_IRQHandler                           build/startup_stm32f446xx.o
DMA1_Stream6_IRQHandler                           build/startup_stm32f446xx.o
DMA1_Stream7_IRQHandler                           build/startup_stm32f446xx.o
DMA2_Stream0_IRQHandler                           build/startup_stm32f446xx.o
DMA2_Stream1_IRQHandler                           build/startup_stm32f446xx.o
DMA2_Stream2_IRQHandler                           build/startup_stm32f446xx.o
DMA2_Stream3_IRQHandler                           build/startup_stm32f446xx.o
DMA2_Stream4_IRQHandler                           build/startup_stm32f446xx.o
DMA2_Stream5_IRQHandler                           build/startup_stm32f446xx.o
DMA2_Stream6_IRQHandler                           build/startup_stm32f446xx.o
DMA2_Stream7_IRQHandler                           build/startup_stm32f446xx.o
DebugMon_Handler                                  build/stm32f4xx_it.o
Default_Handler                                   build/startup_stm32f446xx.o
EXTI0_IRQHandler                                  build/startup_stm32f446xx.o
EXTI15_10_IRQHandler                              build/startup_stm32f446xx.o
EXTI1_IRQHandler                                  build/startup_stm32f446xx.o
EXTI2_IRQHandler                                  build/startup_stm32f446xx.o
EXTI3_IRQHandler                                  build/startup_stm32f446xx.o
EXTI4_IRQHandler                                  build/startup_stm32f446xx.o
EXTI9_5_IRQHandler                                build/startup_stm32f446xx.o
Error_Handler                                     build/main.o
                                                  build/adc.o
                                                  build/usbd_conf.o
                                                  build/i2c.o
                                                  build/usart.o
FLASH_Erase_Sector                                build/stm32f4xx_hal_flash_ex.o
                                                  build/stm32f4xx_hal_flash.o
FLASH_FlushCaches                                 build/stm32f4xx_hal_flash_ex.o
                                                  build/stm32f4xx_hal_flash.o
FLASH_IRQHandler                                  build/startup_stm32f446xx.o
FLASH_WaitForLastOperation                        build/stm32f4xx_hal_flash.o
                                                  build/stm32f4xx_hal_flash_ex.o
FMC_IRQHandler                                    build/startup_stm32f446xx.o
FMPI2C1_Error_IRQHandler                          build/startup_stm32f446xx.o
FMPI2C1_Event_IRQHandler                          build/startup_stm32f446xx.o
FPU_IRQHandler                                    build/startup_stm32f446xx.o
HAL_ADCEx_InjectedConfigChannel                   build/stm32f4xx_hal_adc_ex.o
HAL_ADCEx_InjectedConvCpltCallback                build/stm32f4xx_hal_adc_ex.o
                                                  build/stm32f4xx_hal_adc.o
HAL_ADCEx_InjectedGetValue                        build/stm32f4xx_hal_adc_ex.o
HAL_ADCEx_InjectedPollForConversion               build/stm32f4xx_hal_adc_ex.o
HAL_ADCEx_InjectedStart                           build/stm32f4xx_hal_adc_ex.o
HAL_ADCEx_InjectedStart_IT                        build/stm32f4xx_hal_adc_ex.o
HAL_ADCEx_InjectedStop                            build/stm32f4xx_hal_adc_ex.o
HAL_ADCEx_InjectedStop_IT                         build/stm32f4xx_hal_adc_ex.o
HAL_ADCEx_MultiModeConfigChannel                  build/stm32f4xx_hal_adc_ex.o
HAL_ADCEx_MultiModeGetValue                       build/stm32f4xx_hal_adc_ex.o
HAL_ADCEx_MultiModeStart_DMA                      build/stm32f4xx_hal_adc_ex.o
HAL_ADCEx_MultiModeStop_DMA                       build/stm32f4xx_hal_adc_ex.o
HAL_ADC_AnalogWDGConfig                           build/stm32f4xx_hal_adc.o
HAL_ADC_ConfigChannel                             build/stm32f4xx_hal_adc.o
                                                  build/adc.o
HAL_ADC_ConvCpltCallback                          build/stm32f4xx_hal_adc.o
                                                  build/stm32f4xx_hal_adc_ex.o
HAL_ADC_ConvHalfCpltCallback                      build/stm32f4xx_hal_adc.o
                                                  build/stm32f4xx_hal_adc_ex.o
HAL_ADC_DeInit                                    build/stm32f4xx_hal_adc.o
HAL_ADC_ErrorCallback                             build/stm32f4xx_hal_adc.o
                                                  build/stm32f4xx_hal_adc_ex.o
HAL_ADC_GetError                                  build/stm32f4xx_hal_adc.o
HAL_ADC_GetState                                  build/stm32f4xx_hal_adc.o
HAL_ADC_GetValue                                  build/stm32f4xx_hal_adc.o
HAL_ADC_IRQHandler                                build/stm32f4xx_hal_adc.o
HAL_ADC_Init                                      build/stm32f4xx_hal_adc.o
                                                  build/adc.o
HAL_ADC_LevelOutOfWindowCallback                  build/stm32f4xx_hal_adc.o
HAL_ADC_MspDeInit                                 build/adc.o
HAL_ADC_MspInit                                   build/adc.o
HAL_ADC_PollForConversion                         build/stm32f4xx_hal_adc.o
HAL_ADC_PollForEvent                              build/stm32f4xx_hal_adc.o
HAL_ADC_Start                                     build/stm32f4xx_hal_adc.o
HAL_ADC_Start_DMA                                 build/stm32f4xx_hal_adc.o
HAL_ADC_Start_IT                                  build/stm32f4xx_hal_adc.o
HAL_ADC_Stop                                      build/stm32f4xx_hal_adc.o
HAL_ADC_Stop_DMA                                  build/stm32f4xx_hal_adc.o
HAL_ADC_Stop_IT                                   build/stm32f4xx_hal_adc.o
HAL_DBGMCU_DisableDBGSleepMode                    build/stm32f4xx_hal.o
HAL_DBGMCU_DisableDBGStandbyMode                  build/stm32f4xx_hal.o
HAL_DBGMCU_DisableDBGStopMode                     build/stm32f4xx_hal.o
HAL_DBGMCU_EnableDBGSleepMode                     build/stm32f4xx_hal.o
HAL_DBGMCU_EnableDBGStandbyMode                   build/stm32f4xx_hal.o
HAL_DBGMCU_EnableDBGStopMode                      build/stm32f4xx_hal.o
HAL_DMAEx_ChangeMemory                            build/stm32f4xx_hal_dma_ex.o
HAL_DMAEx_MultiBufferStart                        build/stm32f4xx_hal_dma_ex.o
HAL_DMAEx_MultiBufferStart_IT                     build/stm32f4xx_hal_dma_ex.o
HAL_DMA_Abort                                     build/stm32f4xx_hal_dma.o
                                                  build/stm32f4xx_hal_adc.o
                                                  build/stm32f4xx_hal_uart.o
                                                  build/stm32f4xx_hal_adc_ex.o
HAL_DMA_Abort_IT                                  build/stm32f4xx_hal_dma.o
                                                  build/stm32f4xx_hal_i2c.o
                                                  build/stm32f4xx_hal_uart.o
HAL_DMA_DeInit                                    build/stm32f4xx_hal_dma.o
HAL_DMA_GetError                                  build/stm32f4xx_hal_dma.o
HAL_DMA_GetState                                  build/stm32f4xx_hal_dma.o
HAL_DMA_IRQHandler                                build/stm32f4xx_hal_dma.o
HAL_DMA_Init                                      build/stm32f4xx_hal_dma.o
HAL_DMA_PollForTransfer                           build/stm32f4xx_hal_dma.o
HAL_DMA_RegisterCallback                          build/stm32f4xx_hal_dma.o
HAL_DMA_Start                                     build/stm32f4xx_hal_dma.o
HAL_DMA_Start_IT                                  build/stm32f4xx_hal_dma.o
                                                  build/stm32f4xx_hal_adc.o
                                                  build/stm32f4xx_hal_i2c.o
                                                  build/stm32f4xx_hal_uart.o
                                                  build/stm32f4xx_hal_adc_ex.o
HAL_DMA_UnRegisterCallback                        build/stm32f4xx_hal_dma.o
HAL_DeInit                                        build/stm32f4xx_hal.o
HAL_Delay                                         build/stm32f4xx_hal.o
                                                  build/stm32f4xx_ll_usb.o
                                                  build/usbd_conf.o
HAL_DisableCompensationCell                       build/stm32f4xx_hal.o
HAL_EnableCompensationCell                        build/stm32f4xx_hal.o
HAL_FLASHEx_AdvOBGetConfig                        build/stm32f4xx_hal_flash_ex.o
HAL_FLASHEx_AdvOBProgram                          build/stm32f4xx_hal_flash_ex.o
HAL_FLASHEx_DisableFlashSleepMode                 build/stm32f4xx_hal_flash_ramfunc.o
HAL_FLASHEx_EnableFlashSleepMode                  build/stm32f4xx_hal_flash_ramfunc.o
HAL_FLASHEx_Erase                                 build/stm32f4xx_hal_flash_ex.o
HAL_FLASHEx_Erase_IT                              build/stm32f4xx_hal_flash_ex.o
HAL_FLASHEx_OBGetConfig                           build/stm32f4xx_hal_flash_ex.o
HAL_FLASHEx_OBProgram                             build/stm32f4xx_hal_flash_ex.o
HAL_FLASHEx_OB_DeSelectPCROP                      build/stm32f4xx_hal_flash_ex.o
HAL_FLASHEx_OB_SelectPCROP                        build/stm32f4xx_hal_flash_ex.o
HAL_FLASHEx_StartFlashInterfaceClk                build/stm32f4xx_hal_flash_ramfunc.o
HAL_FLASHEx_StopFlashInterfaceClk                 build/stm32f4xx_hal_flash_ramfunc.o
HAL_FLASH_EndOfOperationCallback                  build/stm32f4xx_hal_flash.o
HAL_FLASH_GetError                                build/stm32f4xx_hal_flash.o
HAL_FLASH_IRQHandler                              build/stm32f4xx_hal_flash.o
HAL_FLASH_Lock                                    build/stm32f4xx_hal_flash.o
HAL_FLASH_OB_Launch                               build/stm32f4xx_hal_flash.o
HAL_FLASH_OB_Lock                                 build/stm32f4xx_hal_flash.o
HAL_FLASH_OB_Unlock                               build/stm32f4xx_hal_flash.o
HAL_FLASH_OperationErrorCallback                  build/stm32f4xx_hal_flash.o
HAL_FLASH_Program                                 build/stm32f4xx_hal_flash.o
HAL_FLASH_Program_IT                              build/stm32f4xx_hal_flash.o
HAL_FLASH_Unlock                                  build/stm32f4xx_hal_flash.o
HAL_GPIO_DeInit                                   build/stm32f4xx_hal_gpio.o
                                                  build/adc.o
                                                  build/usbd_conf.o
                                                  build/i2c.o
                                                  build/usart.o
HAL_GPIO_EXTI_Callback                            build/stm32f4xx_hal_gpio.o
HAL_GPIO_EXTI_IRQHandler                          build/stm32f4xx_hal_gpio.o
HAL_GPIO_Init                                     build/stm32f4xx_hal_gpio.o
                                                  build/stm32f4xx_hal_rcc.o
                                                  build/adc.o
                                                  build/usbd_conf.o
                                                  build/i2c.o
                                                  build/usart.o
HAL_GPIO_LockPin                                  build/stm32f4xx_hal_gpio.o
HAL_GPIO_ReadPin                                  build/stm32f4xx_hal_gpio.o
HAL_GPIO_TogglePin                                build/stm32f4xx_hal_gpio.o
HAL_GPIO_WritePin                                 build/stm32f4xx_hal_gpio.o
HAL_GetDEVID                                      build/stm32f4xx_hal.o
HAL_GetHalVersion                                 build/stm32f4xx_hal.o
HAL_GetREVID                                      build/stm32f4xx_hal.o
HAL_GetTick                                       build/stm32f4xx_hal.o
                                                  build/stm32f4xx_hal_adc.o
                                                  build/stm32f4xx_hal_rcc.o
                                                  build/stm32f4xx_hal_pwr_ex.o
                                                  build/stm32f4xx_hal_rcc_ex.o
                                                  build/stm32f4xx_hal_i2c.o
                                                  build/stm32f4xx_hal_flash.o
                                                  build/stm32f4xx_hal_dma.o
                                                  build/stm32f4xx_hal_uart.o
                                                  build/stm32f4xx_hal_adc_ex.o
HAL_HalfDuplex_EnableReceiver                     build/stm32f4xx_hal_uart.o
HAL_HalfDuplex_EnableTransmitter                  build/stm32f4xx_hal_uart.o
HAL_HalfDuplex_Init                               build/stm32f4xx_hal_uart.o
HAL_I2CEx_ConfigAnalogFilter                      build/stm32f4xx_hal_i2c_ex.o
HAL_I2CEx_ConfigDigitalFilter                     build/stm32f4xx_hal_i2c_ex.o
HAL_I2C_AbortCpltCallback                         build/stm32f4xx_hal_i2c.o
HAL_I2C_AddrCallback                              build/stm32f4xx_hal_i2c.o
HAL_I2C_DeInit                                    build/stm32f4xx_hal_i2c.o
HAL_I2C_DisableListen_IT                          build/stm32f4xx_hal_i2c.o
HAL_I2C_ER_IRQHandler                             build/stm32f4xx_hal_i2c.o
HAL_I2C_EV_IRQHandler                             build/stm32f4xx_hal_i2c.o
HAL_I2C_EnableListen_IT                           build/stm32f4xx_hal_i2c.o
HAL_I2C_ErrorCallback                             build/stm32f4xx_hal_i2c.o
HAL_I2C_GetError                                  build/stm32f4xx_hal_i2c.o
HAL_I2C_GetMode                                   build/stm32f4xx_hal_i2c.o
HAL_I2C_GetState                                  build/stm32f4xx_hal_i2c.o
HAL_I2C_Init                                      build/stm32f4xx_hal_i2c.o
                                                  build/i2c.o
HAL_I2C_IsDeviceReady                             build/stm32f4xx_hal_i2c.o
HAL_I2C_ListenCpltCallback                        build/stm32f4xx_hal_i2c.o
HAL_I2C_MasterRxCpltCallback                      build/stm32f4xx_hal_i2c.o
HAL_I2C_MasterTxCpltCallback                      build/stm32f4xx_hal_i2c.o
HAL_I2C_Master_Abort_IT                           build/stm32f4xx_hal_i2c.o
HAL_I2C_Master_Receive                            build/stm32f4xx_hal_i2c.o
HAL_I2C_Master_Receive_DMA                        build/stm32f4xx_hal_i2c.o
HAL_I2C_Master_Receive_IT                         build/stm32f4xx_hal_i2c.o
HAL_I2C_Master_Sequential_Receive_IT              build/stm32f4xx_hal_i2c.o
HAL_I2C_Master_Sequential_Transmit_IT             build/stm32f4xx_hal_i2c.o
HAL_I2C_Master_Transmit                           build/stm32f4xx_hal_i2c.o
HAL_I2C_Master_Transmit_DMA                       build/stm32f4xx_hal_i2c.o
HAL_I2C_Master_Transmit_IT                        build/stm32f4xx_hal_i2c.o
HAL_I2C_MemRxCpltCallback                         build/stm32f4xx_hal_i2c.o
HAL_I2C_MemTxCpltCallback                         build/stm32f4xx_hal_i2c.o
HAL_I2C_Mem_Read                                  build/stm32f4xx_hal_i2c.o
HAL_I2C_Mem_Read_DMA                              build/stm32f4xx_hal_i2c.o
HAL_I2C_Mem_Read_IT                               build/stm32f4xx_hal_i2c.o
HAL_I2C_Mem_Write                                 build/stm32f4xx_hal_i2c.o
HAL_I2C_Mem_Write_DMA                             build/stm32f4xx_hal_i2c.o
HAL_I2C_Mem_Write_IT                              build/stm32f4xx_hal_i2c.o
HAL_I2C_MspDeInit                                 build/i2c.o
HAL_I2C_MspInit                                   build/i2c.o
HAL_I2C_SlaveRxCpltCallback                       build/stm32f4xx_hal_i2c.o
HAL_I2C_SlaveTxCpltCallback                       build/stm32f4xx_hal_i2c.o
HAL_I2C_Slave_Receive                             build/stm32f4xx_hal_i2c.o
HAL_I2C_Slave_Receive_DMA                         build/stm32f4xx_hal_i2c.o
HAL_I2C_Slave_Receive_IT                          build/stm32f4xx_hal_i2c.o
HAL_I2C_Slave_Sequential_Receive_IT               build/stm32f4xx_hal_i2c.o
HAL_I2C_Slave_Sequential_Transmit_IT              build/stm32f4xx_hal_i2c.o
HAL_I2C_Slave_Transmit                            build/stm32f4xx_hal_i2c.o
HAL_I2C_Slave_Transmit_DMA                        build/stm32f4xx_hal_i2c.o
HAL_I2C_Slave_Transmit_IT                         build/stm32f4xx_hal_i2c.o
HAL_IncTick                                       build/stm32f4xx_hal.o
                                                  build/stm32f4xx_it.o
HAL_Init                                          build/stm32f4xx_hal.o
                                                  build/main.o
HAL_InitTick                                      build/stm32f4xx_hal.o
                                                  build/stm32f4xx_hal_rcc.o
HAL_LIN_Init                                      build/stm32f4xx_hal_uart.o
HAL_LIN_SendBreak                                 build/stm32f4xx_hal_uart.o
HAL_MPU_ConfigRegion                              build/stm32f4xx_hal_cortex.o
HAL_MspDeInit                                     build/stm32f4xx_hal.o
HAL_MspInit                                       build/stm32f4xx_hal_msp.o
HAL_MultiProcessor_EnterMuteMode                  build/stm32f4xx_hal_uart.o
HAL_MultiProcessor_ExitMuteMode                   build/stm32f4xx_hal_uart.o
HAL_MultiProcessor_Init                           build/stm32f4xx_hal_uart.o
HAL_NVIC_ClearPendingIRQ                          build/stm32f4xx_hal_cortex.o
HAL_NVIC_DisableIRQ                               build/stm32f4xx_hal_cortex.o
                                                  build/usbd_conf.o
HAL_NVIC_EnableIRQ                                build/stm32f4xx_hal_cortex.o
                                                  build/usbd_conf.o
HAL_NVIC_GetActive                                build/stm32f4xx_hal_cortex.o
HAL_NVIC_GetPendingIRQ                            build/stm32f4xx_hal_cortex.o
HAL_NVIC_GetPriority                              build/stm32f4xx_hal_cortex.o
HAL_NVIC_GetPriorityGrouping                      build/stm32f4xx_hal_cortex.o
HAL_NVIC_SetPendingIRQ                            build/stm32f4xx_hal_cortex.o
HAL_NVIC_SetPriority                              build/stm32f4xx_hal_cortex.o
                                                  build/stm32f4xx_hal.o
                                                  build/main.o
                                                  build/usbd_conf.o
                                                  build/stm32f4xx_hal_msp.o
HAL_NVIC_SetPriorityGrouping                      build/stm32f4xx_hal_cortex.o
                                                  build/stm32f4xx_hal.o
                                                  build/stm32f4xx_hal_msp.o
HAL_NVIC_SystemReset                              build/stm32f4xx_hal_cortex.o
HAL_PCDEx_ActivateLPM                             build/stm32f4xx_hal_pcd_ex.o
                                                  build/stm32f4xx_hal_pcd.o
HAL_PCDEx_DeActivateLPM                           build/stm32f4xx_hal_pcd_ex.o
HAL_PCDEx_LPM_Callback                            build/usbd_conf.o
                                                  build/stm32f4xx_hal_pcd.o
HAL_PCDEx_SetRxFiFo                               build/stm32f4xx_hal_pcd_ex.o
                                                  build/usbd_conf.o
HAL_PCDEx_SetTxFiFo                               build/stm32f4xx_hal_pcd_ex.o
                                                  build/usbd_conf.o
HAL_PCD_ActivateRemoteWakeup                      build/stm32f4xx_hal_pcd.o
HAL_PCD_ConnectCallback                           build/usbd_conf.o
HAL_PCD_DataInStageCallback                       build/usbd_conf.o
HAL_PCD_DataOutStageCallback                      build/usbd_conf.o
HAL_PCD_DeActivateRemoteWakeup                    build/stm32f4xx_hal_pcd.o
HAL_PCD_DeInit                                    build/stm32f4xx_hal_pcd.o
                                                  build/usbd_conf.o
HAL_PCD_DevConnect                                build/stm32f4xx_hal_pcd.o
HAL_PCD_DevDisconnect                             build/stm32f4xx_hal_pcd.o
HAL_PCD_DisconnectCallback                        build/usbd_conf.o
HAL_PCD_EP_Close                                  build/stm32f4xx_hal_pcd.o
                                                  build/usbd_conf.o
HAL_PCD_EP_ClrStall                               build/stm32f4xx_hal_pcd.o
                                                  build/usbd_conf.o
HAL_PCD_EP_Flush                                  build/stm32f4xx_hal_pcd.o
                                                  build/usbd_conf.o
HAL_PCD_EP_GetRxCount                             build/stm32f4xx_hal_pcd.o
                                                  build/usbd_conf.o
HAL_PCD_EP_Open                                   build/stm32f4xx_hal_pcd.o
                                                  build/usbd_conf.o
HAL_PCD_EP_Receive                                build/stm32f4xx_hal_pcd.o
                                                  build/usbd_conf.o
HAL_PCD_EP_SetStall                               build/stm32f4xx_hal_pcd.o
                                                  build/usbd_conf.o
HAL_PCD_EP_Transmit                               build/stm32f4xx_hal_pcd.o
                                                  build/usbd_conf.o
HAL_PCD_GetState                                  build/stm32f4xx_hal_pcd.o
HAL_PCD_IRQHandler                                build/stm32f4xx_hal_pcd.o
                                                  build/stm32f4xx_it.o
HAL_PCD_ISOINIncompleteCallback                   build/usbd_conf.o
HAL_PCD_ISOOUTIncompleteCallback                  build/usbd_conf.o
HAL_PCD_Init                                      build/stm32f4xx_hal_pcd.o
                                                  build/usbd_conf.o
HAL_PCD_MspDeInit                                 build/usbd_conf.o
HAL_PCD_MspInit                                   build/usbd_conf.o
HAL_PCD_ResetCallback                             build/usbd_conf.o
HAL_PCD_ResumeCallback                            build/usbd_conf.o
HAL_PCD_SOFCallback                               build/usbd_conf.o
HAL_PCD_SetAddress                                build/stm32f4xx_hal_pcd.o
                                                  build/usbd_conf.o
HAL_PCD_SetupStageCallback                        build/usbd_conf.o
HAL_PCD_Start                                     build/stm32f4xx_hal_pcd.o
                                                  build/usbd_conf.o
HAL_PCD_Stop                                      build/stm32f4xx_hal_pcd.o
                                                  build/usbd_conf.o
HAL_PCD_SuspendCallback                           build/usbd_conf.o
HAL_PWREx_ControlVoltageScaling                   build/stm32f4xx_hal_pwr_ex.o
HAL_PWREx_DisableBkUpReg                          build/stm32f4xx_hal_pwr_ex.o
HAL_PWREx_DisableFlashPowerDown                   build/stm32f4xx_hal_pwr_ex.o
HAL_PWREx_DisableOverDrive                        build/stm32f4xx_hal_pwr_ex.o
HAL_PWREx_EnableBkUpReg                           build/stm32f4xx_hal_pwr_ex.o
HAL_PWREx_EnableFlashPowerDown                    build/stm32f4xx_hal_pwr_ex.o
HAL_PWREx_EnableOverDrive                         build/stm32f4xx_hal_pwr_ex.o
HAL_PWREx_EnterUnderDriveSTOPMode                 build/stm32f4xx_hal_pwr_ex.o